// Vitest Snapshot v1, https://vitest.dev/guide/snapshot.html

exports[`processResidents > should process the residents file correctly and match the snapshot 1`] = `
"{
  "Résidents": [
    {
      "id": "BMHBO Zwpoof",
      "entry": "1970-01-01",
      "chNum": "032       "
    },
    {
      "id": "CBDIFMJFS Nbve",
      "entry": "1970-01-01",
      "chNum": "136       "
    },
    {
      "id": "CBSCFBV Kfbo",
      "entry": "1970-01-01",
      "chNum": "124       "
    },
    {
      "id": "CBVEPVJO Nbsjf",
      "entry": "1970-01-01",
      "chNum": "137       "
    },
    {
      "id": "CFUUFSJDI Kptjbof",
      "entry": "1970-01-01",
      "chNum": "127       "
    },
    {
      "id": "CMBODIBSE Ojdpmf",
      "entry": "1970-01-01",
      "chNum": "112B      "
    },
    {
      "id": "CMBODIFU Bmjfuuf",
      "entry": "1970-01-01",
      "chNum": "114       "
    },
    {
      "id": "CMBSE Nbsjf Nbefmfjof",
      "entry": "1970-01-01",
      "chNum": "016       "
    },
    {
      "id": "CMJOFBV Nbsjf-Mvdf",
      "entry": "1970-01-01",
      "chNum": "134       "
    },
    {
      "id": "CMJOFBV Kfbo-Qbvm",
      "entry": "1970-01-01",
      "chNum": "133       "
    },
    {
      "id": "CPJSPO Sfoff",
      "entry": "1970-01-01",
      "chNum": "120       "
    },
    {
      "id": "CPOOFU Sfof",
      "entry": "1970-01-01",
      "chNum": "139       "
    },
    {
      "id": "CPVMMF Kbdrvfmjof",
      "entry": "1970-01-01",
      "chNum": "006       "
    },
    {
      "id": "CPVMMF Dibsmft",
      "entry": "1970-01-01",
      "chNum": "146       "
    },
    {
      "id": "CPAFD Kfboof",
      "entry": "1970-01-01",
      "chNum": "135       "
    },
    {
      "id": "DBTFS Gmpsjoeb",
      "entry": "1970-01-01",
      "chNum": "014       "
    },
    {
      "id": "DMBVTTF Npojrvf",
      "entry": "1970-01-01",
      "chNum": "126       "
    },
    {
      "id": "DPJGGFU Kfboojof",
      "entry": "1970-01-01",
      "chNum": "008       "
    },
    {
      "id": "DPSOV Kfbo",
      "entry": "1970-01-01",
      "chNum": 147
    },
    {
      "id": "EBOFU Hfpshfuuf",
      "entry": "1970-01-01",
      "chNum": "142       "
    },
    {
      "id": "EBWJE-CFMMPVBSE Nbsjf-Cfbusjdf",
      "entry": "1970-01-01",
      "chNum": "125       "
    },
    {
      "id": "EVMBD Ojdpmf",
      "entry": "1970-01-01",
      "chNum": "115       "
    },
    {
      "id": "GPOUFOBZ Dmbvefuuf",
      "entry": "1970-01-01",
      "chNum": "004       "
    },
    {
      "id": "HBMMF Kfbo",
      "entry": "1970-01-01",
      "chNum": "104       "
    },
    {
      "id": "HPEBS Njdifmf",
      "entry": "1970-01-01",
      "chNum": "020       "
    },
    {
      "id": "HSBGGPVJMMFSF Zwpoof",
      "entry": "1970-01-01",
      "chNum": "024       "
    },
    {
      "id": "HVFIFOOFVD Nbsjf",
      "entry": "1970-01-01",
      "chNum": "128       "
    },
    {
      "id": "HVJMMFU Kfboof",
      "entry": "1970-01-01",
      "chNum": "022       "
    },
    {
      "id": "HVJMMPUJO Kptjbof",
      "entry": "1970-01-01",
      "chNum": "112A      "
    },
    {
      "id": "IBMMFSZ Ebojfmf",
      "entry": "1970-01-01",
      "chNum": "145       "
    },
    {
      "id": "IBSEZ Uifsftf",
      "entry": "1970-01-01",
      "chNum": "117       "
    },
    {
      "id": "IFSBSE Nbsjf",
      "entry": "1970-01-01",
      "chNum": "029       "
    },
    {
      "id": "IFSSNBOO Kfbo-Dmbvef",
      "entry": "1970-01-01",
      "chNum": "026       "
    },
    {
      "id": "IFSWF Nbsjf-Bohf",
      "entry": "1970-01-01",
      "chNum": "105       "
    },
    {
      "id": "IJWFSU Nbsd",
      "entry": "1970-01-01",
      "chNum": "011       "
    },
    {
      "id": "IPMJO Njdifm",
      "entry": "1970-01-01",
      "chNum": "106       "
    },
    {
      "id": "IVHVFOJO Hfsbse",
      "entry": "1970-01-01",
      "chNum": "118       "
    },
    {
      "id": "KVMMJFO Spcfsu",
      "entry": "1970-01-01",
      "chNum": "101       "
    },
    {
      "id": "MBOESJBV Zwft",
      "entry": "1970-01-01",
      "chNum": "023       "
    },
    {
      "id": "MBVOBJT Kbdrvfmjof",
      "entry": "1970-01-01",
      "chNum": "009       "
    },
    {
      "id": "MFCMPJT Tpmbohf",
      "entry": "1970-01-01",
      "chNum": "107       "
    },
    {
      "id": "LE EJHBCFM Ojdpmf",
      "entry": "1970-01-01",
      "chNum": "130       "
    },
    {
      "id": "MFGFWSF Hjmcfsuf",
      "entry": "1970-01-01",
      "chNum": "017       "
    },
    {
      "id": "MFHPVJD Dpmfuuf",
      "entry": "1970-01-01",
      "chNum": "119       "
    },
    {
      "id": "LE MFBOOFD Zwpoof",
      "entry": "1970-01-01",
      "chNum": "031       "
    },
    {
      "id": "LE OFTUPVS Hfsbse",
      "entry": "1970-01-01",
      "chNum": "131       "
    },
    {
      "id": "LE SPVHF DE SVTVOBO Sfkbof",
      "entry": "1970-01-01",
      "chNum": "144       "
    },
    {
      "id": "NBHVBJO Efojtf",
      "entry": "1970-01-01",
      "chNum": "143       "
    },
    {
      "id": "NBIF Boof-Nbsjf",
      "entry": "1970-01-01",
      "chNum": "018       "
    },
    {
      "id": "NBMQFM Efojtf",
      "entry": "1970-01-01",
      "chNum": "138       "
    },
    {
      "id": "NBTTFOPU Njdifmf",
      "entry": "1970-01-01",
      "chNum": "027       "
    },
    {
      "id": "NFUBZFS Zwfuuf",
      "entry": "1970-01-01",
      "chNum": "010       "
    },
    {
      "id": "NFVOJFS Gsbodpjtf",
      "entry": "1970-01-01",
      "chNum": "002       "
    },
    {
      "id": "NPSFBV Nbsjf",
      "entry": "1970-01-01",
      "chNum": "005       "
    },
    {
      "id": "NPSJDFU Boojdl",
      "entry": "1970-01-01",
      "chNum": "015       "
    },
    {
      "id": "NPSJO Nbsjf-Dmbvef",
      "entry": "1970-01-01",
      "chNum": "129       "
    },
    {
      "id": "OPFM Tjnpoof",
      "entry": "1970-01-01",
      "chNum": "12 B      "
    },
    {
      "id": "QBVHBN Kfboojof",
      "entry": "1970-01-01",
      "chNum": "030       "
    },
    {
      "id": "QJFSSPO Cfsobefuuf",
      "entry": "1970-01-01",
      "chNum": "108       "
    },
    {
      "id": "QPVMOBJT Ojdpmf",
      "entry": "1970-01-01",
      "chNum": "111       "
    },
    {
      "id": "RVFOOFWJMMF Nbsdfmmf",
      "entry": "1970-01-01",
      "chNum": "116       "
    },
    {
      "id": "SFOEFST Kfboojof",
      "entry": "1970-01-01",
      "chNum": "019       "
    },
    {
      "id": "SPCFSU Guy",
      "entry": "1970-01-01",
      "chNum": "001       "
    },
    {
      "id": "SPCJRVFU Zwfuuf",
      "entry": "1970-01-01",
      "chNum": "025       "
    },
    {
      "id": "SPVTTFMPU Njdifm",
      "entry": "1970-01-01",
      "chNum": "12A       "
    },
    {
      "id": "TBVSFM Kfboojof",
      "entry": "1970-01-01",
      "chNum": "122       "
    },
    {
      "id": "TFSPU Kfboojof",
      "entry": "1970-01-01",
      "chNum": "121       "
    },
    {
      "id": "UBOSFU Nbsujof",
      "entry": "1970-01-01",
      "chNum": "148       "
    },
    {
      "id": "UFTTJFS Efojtf",
      "entry": "1970-01-01",
      "chNum": "003       "
    },
    {
      "id": "UFYJFS Boesff",
      "entry": "1970-01-01",
      "chNum": "103       "
    },
    {
      "id": "UVGGFU Qjfssf",
      "entry": "1970-01-01",
      "chNum": "102       "
    },
    {
      "id": "WBOEFSOPUUF Boojl",
      "entry": "1970-01-01",
      "chNum": "007       "
    },
    {
      "id": "XJBNF Kfbo-Dmbvef",
      "entry": "1970-01-01",
      "chNum": "140       "
    },
    {
      "id": "XJBNF Nbsjf-Uifsftf",
      "entry": "1970-01-01",
      "chNum": "141       "
    }
  ]
}"
`;
