// Vitest Snapshot v1, https://vitest.dev/guide/snapshot.html

exports[`processResidents > should process the residents file correctly and match the snapshot 1`] = `
"{
  "Résidents": [
    {
      "id": "BMHBO Zwpoof",
      "entry": "15/07/2021",
      "chNum": "032       "
    },
    {
      "id": "CBDIFMJFS Nbve",
      "entry": "21/09/2020",
      "chNum": "136       "
    },
    {
      "id": "CBSCFBV Kfbo",
      "entry": "07/05/2019",
      "chNum": "124       "
    },
    {
      "id": "CBVEPVJO Nbsjf",
      "entry": "01/06/2024",
      "chNum": "137       "
    },
    {
      "id": "CFUUFSJDI Kptjbof",
      "entry": "05/05/2023",
      "chNum": "127       "
    },
    {
      "id": "CMBODIBSE Ojdpmf",
      "entry": "31/03/2025",
      "chNum": "112B      "
    },
    {
      "id": "CMBODIFU Bmjfuuf",
      "entry": "26/01/2022",
      "chNum": "114       "
    },
    {
      "id": "CMBSE Nbsjf Nbefmfjof",
      "entry": "08/02/2022",
      "chNum": "016       "
    },
    {
      "id": "CMJOFBV Nbsjf-Mvdf",
      "entry": "05/05/2025",
      "chNum": "134       "
    },
    {
      "id": "CMJOFBV Kfbo-Qbvm",
      "entry": "05/05/2025",
      "chNum": "133       "
    },
    {
      "id": "CPJSPO Sfoff",
      "entry": "31/05/2023",
      "chNum": "120       "
    },
    {
      "id": "CPOOFU Sfof",
      "entry": "04/04/2024",
      "chNum": "139       "
    },
    {
      "id": "CPVMMF Kbdrvfmjof",
      "entry": "12/02/2024",
      "chNum": "006       "
    },
    {
      "id": "CPVMMF Dibsmft",
      "entry": "13/03/2025",
      "chNum": "146       "
    },
    {
      "id": "CPAFD Kfboof",
      "entry": "05/02/2025",
      "chNum": "135       "
    },
    {
      "id": "DBTFS Gmpsjoeb",
      "entry": "20/03/2024",
      "chNum": "014       "
    },
    {
      "id": "DMBVTTF Npojrvf",
      "entry": "13/12/2022",
      "chNum": "126       "
    },
    {
      "id": "DPJGGFU Kfboojof",
      "entry": "30/08/2021",
      "chNum": "008       "
    },
    {
      "id": "DPSOV Kfbo",
      "entry": "08/07/2015",
      "chNum": 147
    },
    {
      "id": "EBOFU Hfpshfuuf",
      "entry": "26/02/2025",
      "chNum": "142       "
    },
    {
      "id": "EBWJE-CFMMPVBSE Nbsjf-Cfbusjdf",
      "entry": "09/11/2024",
      "chNum": "125       "
    },
    {
      "id": "EVMBD Ojdpmf",
      "entry": "11/02/2022",
      "chNum": "115       "
    },
    {
      "id": "GPOUFOBZ Dmbvefuuf",
      "entry": "24/09/2022",
      "chNum": "004       "
    },
    {
      "id": "HBMMF Kfbo",
      "entry": "30/12/2020",
      "chNum": "104       "
    },
    {
      "id": "HPEBS Njdifmf",
      "entry": "16/12/2014",
      "chNum": "020       "
    },
    {
      "id": "HSBGGPVJMMFSF Zwpoof",
      "entry": "26/06/2023",
      "chNum": "024       "
    },
    {
      "id": "HVFIFOOFVD Nbsjf",
      "entry": "16/06/2025",
      "chNum": "128       "
    },
    {
      "id": "HVJMMFU Kfboof",
      "entry": "25/11/2016",
      "chNum": "022       "
    },
    {
      "id": "HVJMMPUJO Kptjbof",
      "entry": "24/07/2018",
      "chNum": "112A      "
    },
    {
      "id": "IBMMFSZ Ebojfmf",
      "entry": "02/01/2024",
      "chNum": "145       "
    },
    {
      "id": "IBSEZ Uifsftf",
      "entry": "11/06/2019",
      "chNum": "117       "
    },
    {
      "id": "IFSBSE Nbsjf",
      "entry": "10/12/2024",
      "chNum": "029       "
    },
    {
      "id": "IFSSNBOO Kfbo-Dmbvef",
      "entry": "26/08/2021",
      "chNum": "026       "
    },
    {
      "id": "IFSWF Nbsjf-Bohf",
      "entry": "19/08/2021",
      "chNum": "105       "
    },
    {
      "id": "IJWFSU Nbsd",
      "entry": "17/07/2024",
      "chNum": "011       "
    },
    {
      "id": "IPMJO Njdifm",
      "entry": "04/04/2025",
      "chNum": "106       "
    },
    {
      "id": "IVHVFOJO Hfsbse",
      "entry": "06/02/2023",
      "chNum": "118       "
    },
    {
      "id": "KVMMJFO Spcfsu",
      "entry": "19/12/2024",
      "chNum": "101       "
    },
    {
      "id": "MBOESJBV Zwft",
      "entry": "22/02/2024",
      "chNum": "023       "
    },
    {
      "id": "MBVOBJT Kbdrvfmjof",
      "entry": "12/11/2024",
      "chNum": "009       "
    },
    {
      "id": "MFCMPJT Tpmbohf",
      "entry": "08/08/2023",
      "chNum": "107       "
    },
    {
      "id": "LE EJHBCFM Ojdpmf",
      "entry": "27/03/2025",
      "chNum": "130       "
    },
    {
      "id": "MFGFWSF Hjmcfsuf",
      "entry": "28/05/2018",
      "chNum": "017       "
    },
    {
      "id": "MFHPVJD Dpmfuuf",
      "entry": "05/07/2018",
      "chNum": "119       "
    },
    {
      "id": "LE MFBOOFD Zwpoof",
      "entry": "27/05/2024",
      "chNum": "031       "
    },
    {
      "id": "LE OFTUPVS Hfsbse",
      "entry": "26/09/2024",
      "chNum": "131       "
    },
    {
      "id": "LE SPVHF DE SVTVOBO Sfkbof",
      "entry": "22/07/2025",
      "chNum": "144       "
    },
    {
      "id": "NBHVBJO Efojtf",
      "entry": "19/09/2016",
      "chNum": "143       "
    },
    {
      "id": "NBIF Boof-Nbsjf",
      "entry": "05/08/2021",
      "chNum": "018       "
    },
    {
      "id": "NBMQFM Efojtf",
      "entry": "02/06/2025",
      "chNum": "138       "
    },
    {
      "id": "NBTTFOPU Njdifmf",
      "entry": "17/05/2020",
      "chNum": "027       "
    },
    {
      "id": "NFUBZFS Zwfuuf",
      "entry": "18/04/2025",
      "chNum": "010       "
    },
    {
      "id": "NFVOJFS Gsbodpjtf",
      "entry": "08/11/2024",
      "chNum": "002       "
    },
    {
      "id": "NPSFBV Nbsjf",
      "entry": "21/09/2024",
      "chNum": "005       "
    },
    {
      "id": "NPSJDFU Boojdl",
      "entry": "26/07/2021",
      "chNum": "015       "
    },
    {
      "id": "NPSJO Nbsjf-Dmbvef",
      "entry": "02/01/2025",
      "chNum": "129       "
    },
    {
      "id": "OPFM Tjnpoof",
      "entry": "31/05/2024",
      "chNum": "12 B      "
    },
    {
      "id": "QBVHBN Kfboojof",
      "entry": "11/10/2024",
      "chNum": "030       "
    },
    {
      "id": "QJFSSPO Cfsobefuuf",
      "entry": "11/12/2020",
      "chNum": "108       "
    },
    {
      "id": "QPVMOBJT Ojdpmf",
      "entry": "08/12/2023",
      "chNum": "111       "
    },
    {
      "id": "RVFOOFWJMMF Nbsdfmmf",
      "entry": "10/05/2017",
      "chNum": "116       "
    },
    {
      "id": "SFOEFST Kfboojof",
      "entry": "30/05/2022",
      "chNum": "019       "
    },
    {
      "id": "SPCFSU Guy",
      "entry": "14/05/2025",
      "chNum": "001       "
    },
    {
      "id": "SPCJRVFU Zwfuuf",
      "entry": "02/12/2022",
      "chNum": "025       "
    },
    {
      "id": "SPVTTFMPU Njdifm",
      "entry": "08/10/2020",
      "chNum": "12A       "
    },
    {
      "id": "TBVSFM Kfboojof",
      "entry": "16/09/2022",
      "chNum": "122       "
    },
    {
      "id": "TFSPU Kfboojof",
      "entry": "18/02/2025",
      "chNum": "121       "
    },
    {
      "id": "UBOSFU Nbsujof",
      "entry": "24/03/2025",
      "chNum": "148       "
    },
    {
      "id": "UFTTJFS Efojtf",
      "entry": "24/04/2021",
      "chNum": "003       "
    },
    {
      "id": "UFYJFS Boesff",
      "entry": "20/03/2025",
      "chNum": "103       "
    },
    {
      "id": "UVGGFU Qjfssf",
      "entry": "10/10/2022",
      "chNum": "102       "
    },
    {
      "id": "WBOEFSOPUUF Boojl",
      "entry": "19/03/2024",
      "chNum": "007       "
    },
    {
      "id": "XJBNF Kfbo-Dmbvef",
      "entry": "19/09/2024",
      "chNum": "140       "
    },
    {
      "id": "XJBNF Nbsjf-Uifsftf",
      "entry": "19/09/2024",
      "chNum": "141       "
    }
  ]
}"
`;
