// Vitest Snapshot v1, https://vitest.dev/guide/snapshot.html

exports[`processVieSociale > should process the vie sociale file correctly and match the snapshot 1`] = `
"{
  "Vie Sociale": [
    {
      "id": "Mme. BMHBO Zwpoof Née DMFNFOU Zwpoof, Boesff (F) 229027022700192 [NIR]",
      "type": "PP - Présentation et Consentement",
      "date": "30/05/2024"
    },
    {
      "id": "Mme. BMHBO Zwpoof Née DMFNFOU Zwpoof, Boesff (F) 229027022700192 [NIR]",
      "type": "Bilan d’intégration",
      "date": "01/09/2021"
    },
    {
      "id": "Mme. BMHBO Zwpoof Née DMFNFOU Zwpoof, Boesff (F) 229027022700192 [NIR]",
      "type": "PP - Présentation et Consentement",
      "date": "01/09/2021"
    },
    {
      "id": "Mme. CBDIFMJFS Nbve Née CBVEPVJO Nbve (F) ",
      "type": "Bilan d’intégration",
      "date": "22/07/2024"
    },
    {
      "id": "Mme. CBDIFMJFS Nbve Née CBVEPVJO Nbve (F) ",
      "type": "PP - Présentation et Consentement",
      "date": "22/07/2024"
    },
    {
      "id": "M. CBSCFBV Kfbo, Sphfs, Bmcfsu (H) 155047856302328 [NIR]",
      "type": "PP - Présentation et Consentement",
      "date": "03/10/2024"
    },
    {
      "id": "M. CBSCFBV Kfbo, Sphfs, Bmcfsu (H) 155047856302328 [NIR]",
      "type": "Bilan d’intégration",
      "date": "08/03/2023"
    },
    {
      "id": "M. CBSCFBV Kfbo, Sphfs, Bmcfsu (H) 155047856302328 [NIR]",
      "type": "PP - Présentation et Consentement",
      "date": "08/03/2023"
    },
    {
      "id": "Mme. CBVEPVJO Nbsjf Née LE MAO Nbsjf, Mpvjtf (F) ",
      "type": "PP - Présentation et Consentement",
      "date": "12/07/2024"
    },
    {
      "id": "Mme. CBVEPVJO Nbsjf Née LE MAO Nbsjf, Mpvjtf (F) ",
      "type": "Bilan d’intégration",
      "date": "12/07/2024"
    },
    {
      "id": "Mme. CBVRVJO Nbsjf Née LE QBHF Nbsjf (F)  (Jobdujg)",
      "type": "PP - Présentation et Consentement",
      "date": "07/02/2023"
    },
    {
      "id": "Mme. CFUUFSJDI Kptjbof Née IBNFMJO Kptjbof, Qbvmfuuf (F) 231069111005438 [NIR]",
      "type": "PP - Présentation et Consentement",
      "date": "06/06/2023"
    },
    {
      "id": "Mme. CFUUFSJDI Kptjbof Née IBNFMJO Kptjbof, Qbvmfuuf (F) 231069111005438 [NIR]",
      "type": "Bilan d’intégration",
      "date": "01/06/2023"
    },
    {
      "id": "Mme. CFUUFSJDI Kptjbof Née IBNFMJO Kptjbof, Qbvmfuuf (F) 231069111005438 [NIR]",
      "type": "PP - Présentation et Consentement",
      "date": "01/06/2023"
    },
    {
      "id": "Mme. CFUUFSJDI Kptjbof Née IBNFMJO Kptjbof, Qbvmfuuf (F) 231069111005438 [NIR]",
      "type": "PP - Présentation et Consentement",
      "date": "01/02/2022"
    },
    {
      "id": "Mme. CFUUFSJDI Kptjbof Née IBNFMJO Kptjbof, Qbvmfuuf (F) 231069111005438 [NIR]",
      "type": "Bilan d’intégration",
      "date": "01/02/2022"
    },
    {
      "id": "Mme. CMBODIBSE Ojdpmf Née NPSJAPU Ojdpmf (F) ",
      "type": "PP - Présentation et Consentement",
      "date": "15/05/2025"
    },
    {
      "id": "Mme. CMBODIFU Bmjfuuf Née BWJBU Bmjfuuf, Mfpof, Tvaboof (F) 229105213000127 [NIR]",
      "type": "PP - Présentation et Consentement",
      "date": "01/08/2024"
    },
    {
      "id": "Mme. CMBODIFU Bmjfuuf Née BWJBU Bmjfuuf, Mfpof, Tvaboof (F) 229105213000127 [NIR]",
      "type": "Bilan d’intégration",
      "date": "01/02/2022"
    },
    {
      "id": "Mme. CMBSE Nbsjf Nbefmfjof Née CMBSE Nbsjf, Nbefmfjof, Kfboof (F) 230054407400643 [NIR]",
      "type": "PP - Présentation et Consentement",
      "date": "01/08/2024"
    },
    {
      "id": "Mme. CMBSE Nbsjf Nbefmfjof Née CMBSE Nbsjf, Nbefmfjof, Kfboof (F) 230054407400643 [NIR]",
      "type": "Bilan d’intégration",
      "date": "01/08/2024"
    },
    {
      "id": "M. CMJOFBV Kfbo-Qbvm (-) ",
      "type": "Bilan d’intégration",
      "date": "24/06/2025"
    },
    {
      "id": "M. CMJOFBV Kfbo-Qbvm (-) ",
      "type": "PP - Présentation et Consentement",
      "date": "19/06/2025"
    },
    {
      "id": "Mme. CMJOFBV Nbsjf-Mvdf Née GY Nbsjf-Mvdf (F) ",
      "type": "Bilan d’intégration",
      "date": "24/06/2025"
    },
    {
      "id": "Mme. CMJOFBV Nbsjf-Mvdf Née GY Nbsjf-Mvdf (F) ",
      "type": "PP - Présentation et Consentement",
      "date": "19/06/2025"
    },
    {
      "id": "Mme. CPJSPO Sfoff Née HVJAJPV Sfoff (F) ",
      "type": "PP - Présentation et Consentement",
      "date": "20/03/2025"
    },
    {
      "id": "Mme. CPJSPO Sfoff Née HVJAJPV Sfoff (F) ",
      "type": "Bilan d’intégration",
      "date": "20/03/2025"
    },
    {
      "id": "M. CPOOFU Sfof, Mfpo, Hbtupo (H) 131087218105752 [NIR]",
      "type": "Bilan d’intégration",
      "date": "19/07/2024"
    },
    {
      "id": "M. CPOOFU Sfof, Mfpo, Hbtupo (H) 131087218105752 [NIR]",
      "type": "PP - Présentation et Consentement",
      "date": "19/07/2024"
    },
    {
      "id": "Mme. CPOTFSHFOU Kbdrvfmjof Née GJBMJQ Kbdrvfmjof, Cfsuif, Nbshvfsjuf (F) 229077501400224 [NIR] (Décès 2024)",
      "type": "Entretien téléphonique ",
      "date": "20/01/2023"
    },
    {
      "id": "M. CPVMMF Dibsmft, Fnjmf, Nbsdfm, Nbsjf (H) 130055619500322 [NIR]",
      "type": "PP - Présentation et Consentement",
      "date": "13/06/2025"
    },
    {
      "id": "Mme. CPVMMF Kbdrvfmjof Née CJEFBV Kbdrvfmjof (F) ",
      "type": "Bilan d’intégration",
      "date": "06/05/2024"
    },
    {
      "id": "Mme. CPVMMF Kbdrvfmjof Née CJEFBV Kbdrvfmjof (F) ",
      "type": "PP - Présentation et Consentement",
      "date": "06/05/2024"
    },
    {
      "id": "Mme. CPAFD Kfboof Née WBSJO Kfboof (F) ",
      "type": "Bilan d’intégration",
      "date": "05/03/2025"
    },
    {
      "id": "Mme. CPAFD Kfboof Née WBSJO Kfboof (F) ",
      "type": "PP - Présentation et Consentement",
      "date": "26/02/2025"
    },
    {
      "id": "M. CSFOZ Boesf, Kptfqi, Fnnbovfm (H) 139074405501353 [NIR] (Jobdujg)",
      "type": "PP - Présentation et Consentement",
      "date": "23/01/2025"
    },
    {
      "id": "Mme. DBTFS Gmpsjoeb (F) ",
      "type": "PP - Présentation et Consentement",
      "date": "11/04/2024"
    },
    {
      "id": "Mme. DBTFS Gmpsjoeb (F) ",
      "type": "Bilan d’intégration",
      "date": "11/04/2024"
    },
    {
      "id": "Mme. DMBVTTF Npojrvf Née MBWPJOF Npojrvf (F) ",
      "type": "PP - Présentation et Consentement",
      "date": "24/04/2025"
    },
    {
      "id": "Mme. DMBVTTF Npojrvf Née MBWPJOF Npojrvf (F) ",
      "type": "PP - Présentation et Consentement",
      "date": "12/09/2024"
    },
    {
      "id": "Mme. DMBVTTF Npojrvf Née MBWPJOF Npojrvf (F) ",
      "type": "PP - Présentation et Consentement",
      "date": "01/03/2023"
    },
    {
      "id": "Mme. DMBVTTF Npojrvf Née MBWPJOF Npojrvf (F) ",
      "type": "Bilan d’intégration",
      "date": "01/03/2023"
    },
    {
      "id": "Mme. DMPBSFD Njdifmjof Née CPVSBTTF Njdifmjof (F)  (Décès 2024)",
      "type": "Bilan d’intégration",
      "date": "19/12/2023"
    },
    {
      "id": "Mme. DMPBSFD Njdifmjof Née CPVSBTTF Njdifmjof (F)  (Décès 2024)",
      "type": "PP - Présentation et Consentement",
      "date": "19/12/2023"
    },
    {
      "id": "Mme. DPJGGFU Kfboojof Née PHFS Kfbojof, Kptfuuf (F) 226124410922948 [NIR]",
      "type": "PP - Présentation et Consentement",
      "date": "20/02/2025"
    },
    {
      "id": "Mme. DPJGGFU Kfboojof Née PHFS Kfbojof, Kptfuuf (F) 226124410922948 [NIR]",
      "type": "PP - Présentation et Consentement",
      "date": "15/07/2024"
    },
    {
      "id": "Mme. DPJGGFU Kfboojof Née PHFS Kfbojof, Kptfuuf (F) 226124410922948 [NIR]",
      "type": "Bilan d’intégration",
      "date": "01/09/2021"
    },
    {
      "id": "Mme. DPJGGFU Kfboojof Née PHFS Kfbojof, Kptfuuf (F) 226124410922948 [NIR]",
      "type": "PP - Présentation et Consentement",
      "date": "01/09/2021"
    },
    {
      "id": "M. DPOOPMMZ Kpio (H)  (Décès 2024)",
      "type": "PP - Présentation et Consentement",
      "date": "10/06/2024"
    },
    {
      "id": "M. DPOOPMMZ Kpio (H)  (Décès 2024)",
      "type": "Bilan d’intégration",
      "date": "01/02/2023"
    },
    {
      "id": "M. DPOOPMMZ Kpio (H)  (Décès 2024)",
      "type": "PP - Présentation et Consentement",
      "date": "01/02/2023"
    },
    {
      "id": "M. DPSOV Kfbo, Njdifm (H) 153054401503726 [NIR]",
      "type": "Entretien individuel",
      "date": "09/05/2025"
    },
    {
      "id": "M. DPSOV Kfbo, Njdifm (H) 153054401503726 [NIR]",
      "type": "PP - Présentation et Consentement",
      "date": "02/09/2024"
    },
    {
      "id": "M. DPSOV Kfbo, Njdifm (H) 153054401503726 [NIR]",
      "type": "Bilan d’intégration",
      "date": "02/09/2024"
    },
    {
      "id": "M. DSVTTPO Kpfm (H)  (Décès 2024)",
      "type": "PP - Présentation et Consentement",
      "date": "01/02/2024"
    },
    {
      "id": "M. DVTVNBOP Svepmqi (-)  (Décès 2025)",
      "type": "PP - Présentation et Consentement",
      "date": "24/10/2024"
    },
    {
      "id": "M. DVTVNBOP Svepmqi (-)  (Décès 2025)",
      "type": "Bilan d’intégration",
      "date": "25/10/2023"
    },
    {
      "id": "Mme. EBOFU Hfpshfuuf Née QFSSJFS Hfpshfuuf, Nbsjf, Dmbjsf (F) 231034418402043 [NIR]",
      "type": "Bilan d’intégration",
      "date": "24/03/2025"
    },
    {
      "id": "Mme. EBOFU Hfpshfuuf Née QFSSJFS Hfpshfuuf, Nbsjf, Dmbjsf (F) 231034418402043 [NIR]",
      "type": "PP - Présentation et Consentement",
      "date": "13/03/2025"
    },
    {
      "id": "Mme. EBWJE Sbznpoef Née SFUZ Sbznpoef (F)  (Jobdujg)",
      "type": "PP - Présentation et Consentement",
      "date": "06/03/2025"
    },
    {
      "id": "Mme. EBWJE-CFMMPVBSE Nbsjf-Cfbusjdf Née HVJMMPO Nbsjf-Cfbusjdf (F) ",
      "type": "PP - Présentation et Consentement",
      "date": "09/12/2024"
    },
    {
      "id": "Mme. EBWJE-CFMMPVBSE Nbsjf-Cfbusjdf Née HVJMMPO Nbsjf-Cfbusjdf (F) ",
      "type": "Bilan d’intégration",
      "date": "09/12/2024"
    },
    {
      "id": "Mme. EBWJE-CFMMPVBSE Nbsjf-Cfbusjdf Née HVJMMPO Nbsjf-Cfbusjdf (F) ",
      "type": "PP - Présentation et Consentement",
      "date": "05/12/2024"
    },
    {
      "id": "Mme. EPVBSDIF Njdifmmf, Njdifmf (F)  (Décès 2025)",
      "type": "PP - Présentation et Consentement",
      "date": "26/09/2024"
    },
    {
      "id": "Mme. EPVBSDIF Njdifmmf, Njdifmf (F)  (Décès 2025)",
      "type": "PP - Présentation et Consentement",
      "date": "28/02/2023"
    },
    {
      "id": "Mme. EPVNFSD Cfsusboef Née TBJOU-QFSPO Cfsusboef (F) 230013114400277 [NIR] (Décès 2024)",
      "type": "Entretien téléphonique ",
      "date": "20/01/2023"
    },
    {
      "id": "M. EVCSFVJM Kbdrvft, Qijmjqqf, Qbvm (H) 134037909500339 [NIR] (Décès 2025)",
      "type": "PP - Présentation et Consentement",
      "date": "06/02/2025"
    },
    {
      "id": "Mme. EVMBD Ojdpmf Née CSFUJO Ojdpmf, Efojtf (F) 239117142900161 [NIR]",
      "type": "PP - Présentation et Consentement",
      "date": "12/09/2024"
    },
    {
      "id": "Mme. EVMBD Ojdpmf Née CSFUJO Ojdpmf, Efojtf (F) 239117142900161 [NIR]",
      "type": "PP - Présentation et Consentement",
      "date": "12/07/2024"
    },
    {
      "id": "Mme. EVMBD Ojdpmf Née CSFUJO Ojdpmf, Efojtf (F) 239117142900161 [NIR]",
      "type": "PP - Présentation et Consentement",
      "date": "01/03/2022"
    },
    {
      "id": "Mme. EVMBD Ojdpmf Née CSFUJO Ojdpmf, Efojtf (F) 239117142900161 [NIR]",
      "type": "Bilan d’intégration",
      "date": "01/03/2022"
    },
    {
      "id": "Mme. GJTDIFS Ifmfof Née WJSPUUJ Ifmfof (F) 223049912784446 [NIR] (Décès 2024)",
      "type": "PP - Présentation et Consentement",
      "date": "08/02/2023"
    },
    {
      "id": "Mme. GPOUFOBZ Dmbvefuuf Née QPJTTPO Dmbvefuuf, Sptf, Boob, Tvaboof (F) 232044404700759 [NIR]",
      "type": "PP - Présentation et Consentement",
      "date": "20/02/2025"
    },
    {
      "id": "Mme. GPOUFOBZ Dmbvefuuf Née QPJTTPO Dmbvefuuf, Sptf, Boob, Tvaboof (F) 232044404700759 [NIR]",
      "type": "Bilan d’intégration",
      "date": "20/02/2025"
    },
    {
      "id": "Mme. GPOUFOBZ Dmbvefuuf Née QPJTTPO Dmbvefuuf, Sptf, Boob, Tvaboof (F) 232044404700759 [NIR]",
      "type": "PP - Présentation et Consentement",
      "date": "15/07/2024"
    },
    {
      "id": "M. HBEJPVY Kbdrvft, Nbvsjdf, Qjfssf (H) 128048607800289 [NIR] (Décès 2024)",
      "type": "PP - Présentation et Consentement",
      "date": "01/01/2022"
    },
    {
      "id": "M. HBMMF Kfbo (H) 129108313711877 [NIR]",
      "type": "PP - Présentation et Consentement",
      "date": "11/07/2024"
    },
    {
      "id": "M. HBMMF Kfbo (H) 129108313711877 [NIR]",
      "type": "PP - Présentation et Consentement",
      "date": "01/12/2022"
    },
    {
      "id": "M. HBMMF Kfbo (H) 129108313711877 [NIR]",
      "type": "Bilan d’intégration",
      "date": "01/12/2022"
    },
    {
      "id": "Mme. HPEBS Njdifmf Née XPSNT Njdifmf, Dbnjmmf (F) 222097500425360 [NIR]",
      "type": "PP - Présentation et Consentement",
      "date": "20/03/2025"
    },
    {
      "id": "Mme. HPEBS Njdifmf Née XPSNT Njdifmf, Dbnjmmf (F) 222097500425360 [NIR]",
      "type": "PP - Présentation et Consentement",
      "date": "01/12/2022"
    },
    {
      "id": "Mme. HPEBS Njdifmf Née XPSNT Njdifmf, Dbnjmmf (F) 222097500425360 [NIR]",
      "type": "Bilan d’intégration",
      "date": "01/12/2022"
    },
    {
      "id": "Mme. HPJAFU Nbshvfsjuf Née CPVMMF Nbshvfsjuf (F)  (Décès 2025)",
      "type": "PP - Présentation et Consentement",
      "date": "26/09/2024"
    },
    {
      "id": "Mme. HPJAFU Nbshvfsjuf Née CPVMMF Nbshvfsjuf (F)  (Décès 2025)",
      "type": "PP - Présentation et Consentement",
      "date": "08/03/2023"
    },
    {
      "id": "Mme. HPJAFU Nbshvfsjuf Née CPVMMF Nbshvfsjuf (F)  (Décès 2025)",
      "type": "Entretien individuel",
      "date": "10/11/2021"
    },
    {
      "id": "Mme. HSBGGPVJMMFSF Zwpoof Née OBSE Zwpoof, Nbsdfmmf, Mfpoof, Kbdrvfmjof (F) 229101918600114 [NIR]",
      "type": "PP - Présentation et Consentement",
      "date": "25/07/2024"
    },
    {
      "id": "Mme. HSBGGPVJMMFSF Zwpoof Née OBSE Zwpoof, Nbsdfmmf, Mfpoof, Kbdrvfmjof (F) 229101918600114 [NIR]",
      "type": "Bilan d’intégration",
      "date": "01/08/2023"
    },
    {
      "id": "Mme. HVFIFOOFVD Nbsjf Née BSJO Nbsjf, Gsbodpjtf (F) ",
      "type": "Bilan d’intégration",
      "date": "16/07/2025"
    },
    {
      "id": "Mme. HVFIFOOFVD Nbsjf Née BSJO Nbsjf, Gsbodpjtf (F) ",
      "type": "PP - Présentation et Consentement",
      "date": "15/07/2025"
    },
    {
      "id": "Mme. HVFSJO Dmbvef Née BMMJFU Dmbvef, Efojtf (F) 229015010900380 [NIR] (Décès 2024)",
      "type": "PP - Présentation et Consentement",
      "date": "22/02/2024"
    },
    {
      "id": "Mme. HVFSJO Dmbvef Née BMMJFU Dmbvef, Efojtf (F) 229015010900380 [NIR] (Décès 2024)",
      "type": "PP - Présentation et Consentement",
      "date": "01/11/2022"
    },
    {
      "id": "Mme. HVJMMFU Kfboof Née QBTRVJFS Kfboof, Nbsjf, Mpvjtf, Fnjmjfoof (F) 224114930120183 [NIR]",
      "type": "Entretien résident/aidant principal",
      "date": "30/10/2024"
    },
    {
      "id": "Mme. HVJMMFU Kfboof Née QBTRVJFS Kfboof, Nbsjf, Mpvjtf, Fnjmjfoof (F) 224114930120183 [NIR]",
      "type": "Entretien résident/aidant principal",
      "date": "15/10/2024"
    },
    {
      "id": "Mme. HVJMMFU Kfboof Née QBTRVJFS Kfboof, Nbsjf, Mpvjtf, Fnjmjfoof (F) 224114930120183 [NIR]",
      "type": "PP - Présentation et Consentement",
      "date": "01/12/2022"
    },
    {
      "id": "Mme. HVJMMFU Kfboof Née QBTRVJFS Kfboof, Nbsjf, Mpvjtf, Fnjmjfoof (F) 224114930120183 [NIR]",
      "type": "Bilan d’intégration",
      "date": "01/12/2022"
    },
    {
      "id": "Mme. HVJMMPUJO Kptjbof Née OFWPVY Kptjbof, Nbuijmef, Nbsjf (F) 237014405200506 [NIR]",
      "type": "PP - Présentation et Consentement",
      "date": "05/08/2024"
    },
    {
      "id": "Mme. HVJMMPUJO Kptjbof Née OFWPVY Kptjbof, Nbuijmef, Nbsjf (F) 237014405200506 [NIR]",
      "type": "PP - Présentation et Consentement",
      "date": "01/11/2022"
    },
    {
      "id": "Mme. HVJMMPUJO Kptjbof Née OFWPVY Kptjbof, Nbuijmef, Nbsjf (F) 237014405200506 [NIR]",
      "type": "Bilan d’intégration",
      "date": "01/11/2022"
    },
    {
      "id": "Mme. IBMHBOE Npojrvf, Nbefmfjof, Hfsnbjof, Nbsjf, Gsbodpjtf (-) 236034407200371 [NIR] (Décès 2025)",
      "type": "PP - Présentation et Consentement",
      "date": "11/07/2024"
    },
    {
      "id": "Mme. IBMHBOE Npojrvf, Nbefmfjof, Hfsnbjof, Nbsjf, Gsbodpjtf (-) 236034407200371 [NIR] (Décès 2025)",
      "type": "PP - Présentation et Consentement",
      "date": "01/10/2022"
    },
    {
      "id": "Mme. IBMMFSZ Ebojfmf Née RVFNCSF Ebojfmf, Pefuuf (F) 246037502812638 [NIR]",
      "type": "Bilan d’intégration",
      "date": "21/02/2024"
    },
    {
      "id": "Mme. IBMMFSZ Ebojfmf Née RVFNCSF Ebojfmf, Pefuuf (F) 246037502812638 [NIR]",
      "type": "PP - Présentation et Consentement",
      "date": "01/02/2024"
    },
    {
      "id": "Mme. IBSEZ Uifsftf Née BVCSZ Uifsftf (F) ",
      "type": "PP - Présentation et Consentement",
      "date": "01/10/2022"
    },
    {
      "id": "Mme. IBSEZ Uifsftf Née BVCSZ Uifsftf (F) ",
      "type": "Bilan d’intégration",
      "date": "01/10/2022"
    },
    {
      "id": "Mme. IFSBSE Nbsjf Née DPSOV Nbsjf, Gsbodpjtf (F) ",
      "type": "PP - Présentation et Consentement",
      "date": "19/12/2024"
    },
    {
      "id": "Mme. IFSBSE Nbsjf Née DPSOV Nbsjf, Gsbodpjtf (F) ",
      "type": "Bilan d’intégration",
      "date": "19/12/2024"
    },
    {
      "id": "M. IFSSNBOO Kfbo-Dmbvef, Boesf, Eftjsf, Dibsmft (H) 140047218117412 [NIR]",
      "type": "PP - Présentation et Consentement",
      "date": "05/09/2024"
    },
    {
      "id": "M. IFSSNBOO Kfbo-Dmbvef, Boesf, Eftjsf, Dibsmft (H) 140047218117412 [NIR]",
      "type": "PP - Présentation et Consentement",
      "date": "01/10/2022"
    },
    {
      "id": "M. IFSSNBOO Kfbo-Dmbvef, Boesf, Eftjsf, Dibsmft (H) 140047218117412 [NIR]",
      "type": "Bilan d’intégration",
      "date": "01/10/2022"
    },
    {
      "id": "Mme. IFSWF Nbsjf-Bohf Née IPSSFBV Nbsjf, Bohf, Kfboof, Kptfqif (F) 232084906600106 [NIR]",
      "type": "PP - Présentation et Consentement",
      "date": "01/11/2022"
    },
    {
      "id": "Mme. IFSWF Nbsjf-Bohf Née IPSSFBV Nbsjf, Bohf, Kfboof, Kptfqif (F) 232084906600106 [NIR]",
      "type": "Bilan d’intégration",
      "date": "01/11/2022"
    },
    {
      "id": "M. IFSWPDIF Boesf (H)  (Décès 2025)",
      "type": "PP - Présentation et Consentement",
      "date": "23/01/2025"
    },
    {
      "id": "M. IFSWPDIF Boesf (H)  (Décès 2025)",
      "type": "PP - Présentation et Consentement",
      "date": "14/03/2024"
    },
    {
      "id": "M. IJWFSU Nbsd, Mpvjt (H) 137123306316341 [NIR]",
      "type": "PP - Présentation et Consentement",
      "date": "20/02/2025"
    },
    {
      "id": "M. IJWFSU Nbsd, Mpvjt (H) 137123306316341 [NIR]",
      "type": "Bilan d’intégration",
      "date": "20/02/2025"
    },
    {
      "id": "M. IJWFSU Nbsd, Mpvjt (H) 137123306316341 [NIR]",
      "type": "PP - Présentation et Consentement",
      "date": "08/08/2024"
    },
    {
      "id": "M. IPMJO Njdifm, Fsoftu (H) 131095922500623 [NIR]",
      "type": "Bilan d’intégration",
      "date": "19/05/2025"
    },
    {
      "id": "M. IPMJO Njdifm, Fsoftu (H) 131095922500623 [NIR]",
      "type": "PP - Présentation et Consentement",
      "date": "19/05/2025"
    },
    {
      "id": "M. IVHVFOJO Hfsbse (H) 127010810521806 [NIR]",
      "type": "PP - Présentation et Consentement",
      "date": "24/10/2024"
    },
    {
      "id": "M. IVHVFOJO Hfsbse (H) 127010810521806 [NIR]",
      "type": "PP - Présentation et Consentement",
      "date": "01/10/2023"
    },
    {
      "id": "M. IVHVFOJO Hfsbse (H) 127010810521806 [NIR]",
      "type": "Bilan d’intégration",
      "date": "01/10/2023"
    },
    {
      "id": "Mme. KPTTP Boob Née NPSJDF Boob (F)  (Décès 2024)",
      "type": "PP - Présentation et Consentement",
      "date": "07/11/2024"
    },
    {
      "id": "Mme. KPTTP Boob Née NPSJDF Boob (F)  (Décès 2024)",
      "type": "Bilan d’intégration",
      "date": "15/02/2024"
    },
    {
      "id": "Mme. KPTTP Boob Née NPSJDF Boob (F)  (Décès 2024)",
      "type": "PP - Présentation et Consentement",
      "date": "01/02/2024"
    },
    {
      "id": "Mme. KPASPMBOE Bnfmjf Née GPVSDIPO Bnfmjf, Bvhvtujof (F) 234113522800430 [NIR] (Jobdujg)",
      "type": "PP - Présentation et Consentement",
      "date": "08/08/2024"
    },
    {
      "id": "M. KVMMJFO Spcfsu, Bmcfsu (H) 147029911046865 [NIR]",
      "type": "Bilan d’intégration",
      "date": "16/01/2025"
    },
    {
      "id": "M. KVMMJFO Spcfsu, Bmcfsu (H) 147029911046865 [NIR]",
      "type": "PP - Présentation et Consentement",
      "date": "15/01/2025"
    },
    {
      "id": "Mme. MBHBZF Cmbodif Née UFYTJFS Cmbodif (-)  (Décès 2025)",
      "type": "Bilan d’intégration",
      "date": "26/09/2024"
    },
    {
      "id": "Mme. MBHBZF Cmbodif Née UFYTJFS Cmbodif (-)  (Décès 2025)",
      "type": "PP - Présentation et Consentement",
      "date": "19/09/2024"
    },
    {
      "id": "Mme. MBNZ Boesff Née NBSFDIBM Boesff (F)  (Décès 2024)",
      "type": "PP - Présentation et Consentement",
      "date": "26/04/2024"
    },
    {
      "id": "M. MBOESJBV Zwft (H) ",
      "type": "Bilan d’intégration",
      "date": "14/03/2025"
    },
    {
      "id": "M. MBOESJBV Zwft (H) ",
      "type": "PP - Présentation et Consentement",
      "date": "14/03/2024"
    },
    {
      "id": "Mme. MBVOBJT Kbdrvfmjof Née QPJSBVMU Kbdrvfmjof, Bmcfsujof, Fnnb (F) 233047511318423 [NIR]",
      "type": "Bilan d’intégration",
      "date": "12/12/2024"
    },
    {
      "id": "Mme. MBVOBJT Kbdrvfmjof Née QPJSBVMU Kbdrvfmjof, Bmcfsujof, Fnnb (F) 233047511318423 [NIR]",
      "type": "PP - Présentation et Consentement",
      "date": "12/12/2024"
    },
    {
      "id": "Mme. MFCMPJT Tpmbohf Née QJOTPOOFBV Tpmbohf (-) ",
      "type": "PP - Présentation et Consentement",
      "date": "24/04/2025"
    },
    {
      "id": "Mme. MFCMPJT Tpmbohf Née QJOTPOOFBV Tpmbohf (-) ",
      "type": "Bilan d’intégration",
      "date": "24/04/2025"
    },
    {
      "id": "Mme. MFCMPJT Tpmbohf Née QJOTPOOFBV Tpmbohf (-) ",
      "type": "PP - Présentation et Consentement",
      "date": "26/10/2023"
    },
    {
      "id": "Mme. MFDBSQFOUJFS Efojtf Née RVFHVJOFS Efojtf, Sbznpoef, Njdifmmf (F) 226052915121664 [NIR] (Décès 2024)",
      "type": "PP - Présentation et Consentement",
      "date": "18/07/2024"
    },
    {
      "id": "Mme. MFDBSQFOUJFS Efojtf Née RVFHVJOFS Efojtf, Sbznpoef, Njdifmmf (F) 226052915121664 [NIR] (Décès 2024)",
      "type": "PP - Présentation et Consentement",
      "date": "01/10/2022"
    },
    {
      "id": "Mme. LE EJHBCFM Ojdpmf Née QPSUPMFBV Ojdpmf (F) ",
      "type": "PP - Présentation et Consentement",
      "date": "24/07/2025"
    },
    {
      "id": "Mme. MFGFWSF Hjmcfsuf Née QSPJTZ Hjmcfsuf, Kvmjfuuf, Dmbsb (F) 222100231400378 [NIR]",
      "type": "PP - Présentation et Consentement",
      "date": "26/06/2025"
    },
    {
      "id": "Mme. MFGFWSF Hjmcfsuf Née QSPJTZ Hjmcfsuf, Kvmjfuuf, Dmbsb (F) 222100231400378 [NIR]",
      "type": "PP - Présentation et Consentement",
      "date": "01/11/2022"
    },
    {
      "id": "Mme. MFGFWSF Hjmcfsuf Née QSPJTZ Hjmcfsuf, Kvmjfuuf, Dmbsb (F) 222100231400378 [NIR]",
      "type": "Bilan d’intégration",
      "date": "01/11/2022"
    },
    {
      "id": "Mme. MFHPVJD Dpmfuuf Née EVPU Dpmfuuf, Spmboef, Fvhfojf (F) 237054410916840 [NIR]",
      "type": "PP - Présentation et Consentement",
      "date": "23/01/2025"
    },
    {
      "id": "Mme. MFHPVJD Dpmfuuf Née EVPU Dpmfuuf, Spmboef, Fvhfojf (F) 237054410916840 [NIR]",
      "type": "PP - Présentation et Consentement",
      "date": "28/03/2024"
    },
    {
      "id": "Mme. MFHPVJD Dpmfuuf Née EVPU Dpmfuuf, Spmboef, Fvhfojf (F) 237054410916840 [NIR]",
      "type": "PP - Présentation et Consentement",
      "date": "01/11/2022"
    },
    {
      "id": "Mme. MFHPVJD Dpmfuuf Née EVPU Dpmfuuf, Spmboef, Fvhfojf (F) 237054410916840 [NIR]",
      "type": "Bilan d’intégration",
      "date": "01/11/2022"
    },
    {
      "id": "Mme. LE HSBOE Nbsjf Née SBNFU Nbsjf (F)  (Décès 2024)",
      "type": "PP - Présentation et Consentement",
      "date": "01/11/2022"
    },
    {
      "id": "Mme. LE MFBOOFD Zwpoof Née UBUUFWJO Zwpoof (F) ",
      "type": "PP - Présentation et Consentement",
      "date": "20/06/2024"
    },
    {
      "id": "Mme. LE MFBOOFD Zwpoof Née UBUUFWJO Zwpoof (F) ",
      "type": "Bilan d’intégration",
      "date": "20/06/2024"
    },
    {
      "id": "M. LE OFTUPVS Hfsbse, Kfbo (H) 139027511523128 [NIR]",
      "type": "Bilan d’intégration",
      "date": "09/11/2024"
    },
    {
      "id": "M. LE OFTUPVS Hfsbse, Kfbo (H) 139027511523128 [NIR]",
      "type": "PP - Présentation et Consentement",
      "date": "07/11/2024"
    },
    {
      "id": "Mme. MPJSBU Efojtf Née QPVAPVMMJD Efojtf (F)  (Décès 2025)",
      "type": "PP - Présentation et Consentement",
      "date": "08/08/2024"
    },
    {
      "id": "Mme. MPJSBU Efojtf Née QPVAPVMMJD Efojtf (F)  (Décès 2025)",
      "type": "Bilan d’intégration",
      "date": "28/02/2023"
    },
    {
      "id": "Mme. MPJSBU Efojtf Née QPVAPVMMJD Efojtf (F)  (Décès 2025)",
      "type": "PP - Présentation et Consentement",
      "date": "23/02/2023"
    },
    {
      "id": "Mme. NBHVBJO Efojtf Née UIPVJO Efojtf (F) ",
      "type": "PP - Présentation et Consentement",
      "date": "26/06/2025"
    },
    {
      "id": "Mme. NBHVBJO Efojtf Née UIPVJO Efojtf (F) ",
      "type": "PP - Présentation et Consentement",
      "date": "01/12/2022"
    },
    {
      "id": "Mme. NBHVBJO Efojtf Née UIPVJO Efojtf (F) ",
      "type": "Bilan d’intégration",
      "date": "01/12/2022"
    },
    {
      "id": "Mme. NBIF Boof-Nbsjf Née QPVAPVMMJD Boof-Nbsjf, Uifsftf (F) 232045439525760 [NIR]",
      "type": "PP - Présentation et Consentement",
      "date": "25/07/2024"
    },
    {
      "id": "Mme. NBIF Boof-Nbsjf Née QPVAPVMMJD Boof-Nbsjf, Uifsftf (F) 232045439525760 [NIR]",
      "type": "Bilan d’intégration",
      "date": "01/10/2022"
    },
    {
      "id": "M. NBIF Nbvsjdf (H)  (Décès 2024)",
      "type": "PP - Présentation et Consentement",
      "date": "01/04/2024"
    },
    {
      "id": "Mme. NBMQFM Efojtf Née QPMPOJ Efojtf, Bohfmf (F) 240077834200240 [NIR]",
      "type": "PP - Présentation et Consentement",
      "date": "07/08/2025"
    },
    {
      "id": "Mme. NBTTFOPU Njdifmf Née GFKBSE Njdifmf (F) ",
      "type": "PP - Présentation et Consentement",
      "date": "05/08/2024"
    },
    {
      "id": "Mme. NBTTFOPU Njdifmf Née GFKBSE Njdifmf (F) ",
      "type": "PP - Présentation et Consentement",
      "date": "01/12/2022"
    },
    {
      "id": "Mme. NBTTFOPU Njdifmf Née GFKBSE Njdifmf (F) ",
      "type": "Bilan d’intégration",
      "date": "01/12/2022"
    },
    {
      "id": "Mme. NFUBZFS Zwfuuf Née QSPTU Zwfuuf (F) ",
      "type": "Bilan d’intégration",
      "date": "18/06/2025"
    },
    {
      "id": "Mme. NFUBZFS Zwfuuf Née QSPTU Zwfuuf (F) ",
      "type": "PP - Présentation et Consentement",
      "date": "17/06/2025"
    },
    {
      "id": "Mme. NFUSP Bohfmf Née DBUBMEJ Bohfmf, Nbsjf (F) 227087510520914 [NIR] (Décès 2024)",
      "type": "PP - Présentation et Consentement",
      "date": "05/09/2024"
    },
    {
      "id": "Mme. NFVOJFS Gsbodpjtf Née MFNBJUSF Gsbodpjtf (F) ",
      "type": "PP - Présentation et Consentement",
      "date": "06/02/2025"
    },
    {
      "id": "Mme. NPSFBV Nbsjf Née OPUUFMMFU Nbsjf (F) ",
      "type": "Bilan d’intégration",
      "date": "08/11/2024"
    },
    {
      "id": "Mme. NPSFBV Nbsjf Née OPUUFMMFU Nbsjf (F) ",
      "type": "PP - Présentation et Consentement",
      "date": "07/11/2024"
    },
    {
      "id": "Mme. NPSJDFU Boojdl Née UBDPOOF Boojdl, Hfpshfuuf, Hbcsjfmmf (F) 233104406900134 [NIR]",
      "type": "PP - Présentation et Consentement",
      "date": "03/06/2024"
    },
    {
      "id": "Mme. NPSJDFU Boojdl Née UBDPOOF Boojdl, Hfpshfuuf, Hbcsjfmmf (F) 233104406900134 [NIR]",
      "type": "PP - Présentation et Consentement",
      "date": "01/12/2022"
    },
    {
      "id": "Mme. NPSJDFU Boojdl Née UBDPOOF Boojdl, Hfpshfuuf, Hbcsjfmmf (F) 233104406900134 [NIR]",
      "type": "Bilan d’intégration",
      "date": "01/12/2022"
    },
    {
      "id": "Mme. NPSJO Nbsjf-Dmbvef Née BODFMJO Nbsjf-Dmbvef, Mvdjf (-) 238044410901135 [NIR]",
      "type": "PP - Présentation et Consentement",
      "date": "30/01/2025"
    },
    {
      "id": "Mme. NPSPZ Boesff Née EFQBJSF Boesff (F)  (Décès 2024)",
      "type": "PP - Présentation et Consentement",
      "date": "25/07/2024"
    },
    {
      "id": "Mme. NPSPZ Boesff Née EFQBJSF Boesff (F)  (Décès 2024)",
      "type": "PP - Présentation et Consentement",
      "date": "01/03/2022"
    },
    {
      "id": "Mme. NVDDIJFMMJ Nbsjf, Kptf (-) ",
      "type": "PP - Présentation et Consentement",
      "date": "21/11/2024"
    },
    {
      "id": "Mme. NVDDIJFMMJ Nbsjf, Kptf (-) ",
      "type": "Bilan d’intégration",
      "date": "21/11/2024"
    },
    {
      "id": "Mme. OPFM Tjnpoof Née BMMBJO Tjnpoof, Gsbodpjtf (F) 244057502600657 [NIR]",
      "type": "PP - Présentation et Consentement",
      "date": "20/02/2025"
    },
    {
      "id": "Mme. OPFM Tjnpoof Née BMMBJO Tjnpoof, Gsbodpjtf (F) 244057502600657 [NIR]",
      "type": "Bilan d’intégration",
      "date": "11/07/2024"
    },
    {
      "id": "Mme. OPFM Tjnpoof Née BMMBJO Tjnpoof, Gsbodpjtf (F) 244057502600657 [NIR]",
      "type": "PP - Présentation et Consentement",
      "date": "11/07/2024"
    },
    {
      "id": "Mme. QBVHBN Kfboojof Née GMPDI Kfboojof, Gsbodpjtf (F) 234062929400175 [NIR]",
      "type": "PP - Présentation et Consentement",
      "date": "12/12/2024"
    },
    {
      "id": "Mme. QBVHBN Kfboojof Née GMPDI Kfboojof, Gsbodpjtf (F) 234062929400175 [NIR]",
      "type": "Bilan d’intégration",
      "date": "12/12/2024"
    },
    {
      "id": "Mme. QBVHBN Kfboojof Née GMPDI Kfboojof, Gsbodpjtf (F) 234062929400175 [NIR]",
      "type": "Bilan d’intégration",
      "date": "12/12/2024"
    },
    {
      "id": "Mme. QJDIFMJO Bsmfuuf Née NBHPO DE LA HJDMBJT Bsmfuuf (F)  (Décès 2025)",
      "type": "PP - Présentation et Consentement",
      "date": "17/10/2024"
    },
    {
      "id": "Mme. QJDIFMJO Bsmfuuf Née NBHPO DE LA HJDMBJT Bsmfuuf (F)  (Décès 2025)",
      "type": "Bilan d’intégration",
      "date": "28/03/2023"
    },
    {
      "id": "Mme. QJFSSPO Cfsobefuuf Née EFMBWFVWF Cfsobefuuf (F) 236017511500445 [NIR]",
      "type": "PP - Présentation et Consentement",
      "date": "03/06/2024"
    },
    {
      "id": "Mme. QJFSSPO Cfsobefuuf Née EFMBWFVWF Cfsobefuuf (F) 236017511500445 [NIR]",
      "type": "PP - Présentation et Consentement",
      "date": "01/12/2022"
    },
    {
      "id": "Mme. QJFSSPO Cfsobefuuf Née EFMBWFVWF Cfsobefuuf (F) 236017511500445 [NIR]",
      "type": "Bilan d’intégration",
      "date": "01/12/2022"
    },
    {
      "id": "Mme. QPVMOBJT Ojdpmf Née QBZT Ojdpmf, Gsbodf (F) 237067510609264 [NIR]",
      "type": "Bilan d’intégration",
      "date": "11/03/2024"
    },
    {
      "id": "Mme. QPVMOBJT Ojdpmf Née QBZT Ojdpmf, Gsbodf (F) 237067510609264 [NIR]",
      "type": "PP - Présentation et Consentement",
      "date": "01/03/2024"
    },
    {
      "id": "Mme. RVFOOFWJMMF Nbsdfmmf Née IPVJTTF Nbsdfmmf, Ifosjfuuf, Nbsjf (F) 228114406900203 [NIR]",
      "type": "PP - Présentation et Consentement",
      "date": "02/08/2023"
    },
    {
      "id": "Mme. RVFOOFWJMMF Nbsdfmmf Née IPVJTTF Nbsdfmmf, Ifosjfuuf, Nbsjf (F) 228114406900203 [NIR]",
      "type": "PP - Présentation et Consentement",
      "date": "01/06/2017"
    },
    {
      "id": "Mme. RVFOOFWJMMF Nbsdfmmf Née IPVJTTF Nbsdfmmf, Ifosjfuuf, Nbsjf (F) 228114406900203 [NIR]",
      "type": "Bilan d’intégration",
      "date": "01/06/2017"
    },
    {
      "id": "M. SFEVSFBV Qbvm (H)  (Décès 2024)",
      "type": "PP - Présentation et Consentement",
      "date": "23/01/2023"
    },
    {
      "id": "Mme. SFOEFST Kfboojof (F) ",
      "type": "PP - Présentation et Consentement",
      "date": "01/08/2024"
    },
    {
      "id": "Mme. SFOEFST Kfboojof (F) ",
      "type": "Bilan d’intégration",
      "date": "28/06/2022"
    },
    {
      "id": "Mme. SFOEFST Kfboojof (F) ",
      "type": "PP - Présentation et Consentement",
      "date": "28/06/2022"
    },
    {
      "id": "Mme. SJNNFM Hjtfmf Née IVHVFU Hjtfmf, Nbsjf, Lea (-) 224097502524816 [NIR] (Décès 2025)",
      "type": "PP - Présentation et Consentement",
      "date": "01/10/2022"
    },
    {
      "id": "Mme. SJNNFM Hjtfmf Née IVHVFU Hjtfmf, Nbsjf, Lea (-) 224097502524816 [NIR] (Décès 2025)",
      "type": "Bilan d’intégration",
      "date": "01/10/2022"
    },
    {
      "id": "M. SPCFSU Guy (H) ",
      "type": "Bilan d’intégration",
      "date": "25/07/2025"
    },
    {
      "id": "M. SPCFSU Guy (H) ",
      "type": "PP - Présentation et Consentement",
      "date": "12/06/2025"
    },
    {
      "id": "Mme. SPCJRVFU Zwfuuf Née EFQFSDFOBJSF Zwfuuf (F) 226060246320197 [NIR]",
      "type": "PP - Présentation et Consentement",
      "date": "12/09/2024"
    },
    {
      "id": "Mme. SPCJRVFU Zwfuuf Née EFQFSDFOBJSF Zwfuuf (F) 226060246320197 [NIR]",
      "type": "PP - Présentation et Consentement",
      "date": "06/03/2023"
    },
    {
      "id": "Mme. SPCJRVFU Zwfuuf Née EFQFSDFOBJSF Zwfuuf (F) 226060246320197 [NIR]",
      "type": "Bilan d’intégration",
      "date": "06/03/2023"
    },
    {
      "id": "Mme. SPHFS Mvdjfoof Née CBZFS Mvdjfoof, Fnnb, Nbsjb (F) 224097218126358 [NIR] (Jobdujg)",
      "type": "PP - Présentation et Consentement",
      "date": "08/03/2023"
    },
    {
      "id": "Mme. SPTQBSU Hfofwjfwf Née LE QPVQPO Hfofwjfwf (F)  (Décès 2025)",
      "type": "PP - Présentation et Consentement",
      "date": "29/07/2024"
    },
    {
      "id": "Mme. SPTQBSU Hfofwjfwf Née LE QPVQPO Hfofwjfwf (F)  (Décès 2025)",
      "type": "PP - Présentation et Consentement",
      "date": "17/10/2023"
    },
    {
      "id": "M. SPVTTFMPU Njdifm (H) ",
      "type": "PP - Présentation et Consentement",
      "date": "20/02/2025"
    },
    {
      "id": "M. SPVTTFMPU Njdifm (H) ",
      "type": "PP - Présentation et Consentement",
      "date": "29/07/2024"
    },
    {
      "id": "M. SPVTTFMPU Njdifm (H) ",
      "type": "PP - Présentation et Consentement",
      "date": "01/10/2022"
    },
    {
      "id": "M. SPVTTFMPU Njdifm (H) ",
      "type": "Bilan d’intégration",
      "date": "25/11/2020"
    },
    {
      "id": "M. SPVTTFMPU Njdifm (H) ",
      "type": "PP - Présentation et Consentement",
      "date": "25/11/2020"
    },
    {
      "id": "Mme. TBVSFM Kfboojof Née QPUEFWJO Kfboojof, Ebojfmf, Bmjdf (F) 234017511213109 [NIR]",
      "type": "PP - Présentation et Consentement",
      "date": "05/08/2024"
    },
    {
      "id": "Mme. TBVSFM Kfboojof Née QPUEFWJO Kfboojof, Ebojfmf, Bmjdf (F) 234017511213109 [NIR]",
      "type": "Bilan d’intégration",
      "date": "05/08/2024"
    },
    {
      "id": "Mme. TFSPU Kfboojof, Zwpoof, Nbsjf (F) 232034418400509 [NIR]",
      "type": "Bilan d’intégration",
      "date": "13/05/2025"
    },
    {
      "id": "Mme. TFSPU Kfboojof, Zwpoof, Nbsjf (F) 232034418400509 [NIR]",
      "type": "PP - Présentation et Consentement",
      "date": "13/03/2025"
    },
    {
      "id": "Mme. UBOSFU Nbsujof Née NPTTFU Nbsujof (F) ",
      "type": "Bilan d’intégration",
      "date": "28/04/2025"
    },
    {
      "id": "Mme. UBOSFU Nbsujof Née NPTTFU Nbsujof (F) ",
      "type": "PP - Présentation et Consentement",
      "date": "24/04/2025"
    },
    {
      "id": "Mme. UFTTJFS Efojtf Née MFNBJSF Efojtf, Fmjtbcfui (F) 233087511402621 [NIR]",
      "type": "PP - Présentation et Consentement",
      "date": "29/07/2024"
    },
    {
      "id": "Mme. UFTTJFS Efojtf Née MFNBJSF Efojtf, Fmjtbcfui (F) 233087511402621 [NIR]",
      "type": "PP - Présentation et Consentement",
      "date": "09/02/2023"
    },
    {
      "id": "Mme. UFTTJFS Efojtf Née MFNBJSF Efojtf, Fmjtbcfui (F) 233087511402621 [NIR]",
      "type": "Bilan d’intégration",
      "date": "19/10/2021"
    },
    {
      "id": "Mme. UFYJFS Boesff Née IBMHBOE Boesff (-) ",
      "type": "Bilan d’intégration",
      "date": "24/04/2025"
    },
    {
      "id": "Mme. UFYJFS Boesff Née IBMHBOE Boesff (-) ",
      "type": "PP - Présentation et Consentement",
      "date": "24/04/2025"
    },
    {
      "id": "M. USVDIPO-CBSUFT Kfbo, Mpvjt, Bmbjo, Nbsjf (H) 133095145407490 [NIR] (Décès 2025)",
      "type": "PP - Présentation et Consentement",
      "date": "30/01/2025"
    },
    {
      "id": "M. UVGGFU Qjfssf (H) ",
      "type": "PP - Présentation et Consentement",
      "date": "03/10/2024"
    },
    {
      "id": "M. UVGGFU Qjfssf (H) ",
      "type": "PP - Présentation et Consentement",
      "date": "03/10/2024"
    },
    {
      "id": "M. UVGGFU Qjfssf (H) ",
      "type": "PP - Présentation et Consentement",
      "date": "13/03/2024"
    },
    {
      "id": "M. UVGGFU Qjfssf (H) ",
      "type": "Bilan d’intégration",
      "date": "06/12/2022"
    },
    {
      "id": "Mme. WBMFSZ Sfoff Née CBMTJHFS Sfoff (F)  (Décès 2025)",
      "type": "PP - Présentation et Consentement",
      "date": "01/05/2024"
    },
    {
      "id": "Mme. WBOEFSOPUUF Boojl Née EFMPVDIF Boojl, Efojtf (F) 231041610200787 [NIR]",
      "type": "PP - Présentation et Consentement",
      "date": "18/04/2024"
    },
    {
      "id": "Mme. WBOEFSOPUUF Boojl Née EFMPVDIF Boojl, Efojtf (F) 231041610200787 [NIR]",
      "type": "Bilan d’intégration",
      "date": "18/04/2024"
    },
    {
      "id": "M. WJHOBVE Cfsobse, Bmcfsu, Boupjof (H) 132028512800534 [NIR] (Décès 2025)",
      "type": "PP - Présentation et Consentement",
      "date": "01/08/2024"
    },
    {
      "id": "M. WJHOBVE Cfsobse, Bmcfsu, Boupjof (H) 132028512800534 [NIR] (Décès 2025)",
      "type": "PP - Présentation et Consentement",
      "date": "01/05/2022"
    },
    {
      "id": "Mme. WPMFPO Uifsftf Née MPRVFU Uifsftf, Nbsjf (F) 228122220600490 [NIR] (Jobdujg)",
      "type": "PP - Présentation et Consentement",
      "date": "09/01/2025"
    },
    {
      "id": "M. XJBNF Kfbo-Dmbvef, Hbtupo, Boesf (H) 136095959900604 [NIR]",
      "type": "PP - Présentation et Consentement",
      "date": "10/10/2024"
    },
    {
      "id": "M. XJBNF Kfbo-Dmbvef, Hbtupo, Boesf (H) 136095959900604 [NIR]",
      "type": "Bilan d’intégration",
      "date": "10/10/2024"
    },
    {
      "id": "Mme. XJBNF Nbsjf-Uifsftf Née SPNBOHJO Nbsjf-Uifsftf, Ifmfof (F) 231056221501522 [NIR]",
      "type": "PP - Présentation et Consentement",
      "date": "10/10/2024"
    },
    {
      "id": "Mme. XJBNF Nbsjf-Uifsftf Née SPNBOHJO Nbsjf-Uifsftf, Ifmfof (F) 231056221501522 [NIR]",
      "type": "Bilan d’intégration",
      "date": "10/10/2024"
    },
    {
      "id": "Mme. XJCBVY Fmjtbcfui Née DIBWFSPU Fmjtbcfui, Dibsmpuuf, Nbsjf (F) 237068313701364 [NIR] (Jobdujg)",
      "type": "Bilan d’intégration",
      "date": "14/11/2024"
    },
    {
      "id": "Mme. XJCBVY Fmjtbcfui Née DIBWFSPU Fmjtbcfui, Dibsmpuuf, Nbsjf (F) 237068313701364 [NIR] (Jobdujg)",
      "type": "PP - Présentation et Consentement",
      "date": "14/11/2024"
    },
    {
      "id": "M. XJCBVY Hfsbse (H)  (Jobdujg)",
      "type": "Bilan d’intégration",
      "date": "14/11/2024"
    },
    {
      "id": "M. XJCBVY Hfsbse (H)  (Jobdujg)",
      "type": "PP - Présentation et Consentement",
      "date": "14/11/2024"
    }
  ]
}"
`;
