// Vitest Snapshot v1, https://vitest.dev/guide/snapshot.html

exports[`processVieSociale > should process the vie sociale file correctly and match the snapshot 1`] = `
"{
  "Vie Sociale": [
    {
      "id": "BMHBO Zwpoof",
      "type": "PP - Présentation et Consentement",
      "date": "2024-05-30"
    },
    {
      "id": "BMHBO Zwpoof",
      "type": "Bilan d’intégration",
      "date": "2021-09-01"
    },
    {
      "id": "BMHBO Zwpoof",
      "type": "PP - Présentation et Consentement",
      "date": "2021-09-01"
    },
    {
      "id": "CBDIFMJFS Nbve",
      "type": "Bilan d’intégration",
      "date": "2024-07-22"
    },
    {
      "id": "CBDIFMJFS Nbve",
      "type": "PP - Présentation et Consentement",
      "date": "2024-07-22"
    },
    {
      "id": "CBSCFBV Kfbo",
      "type": "PP - Présentation et Consentement",
      "date": "2024-10-03"
    },
    {
      "id": "CBSCFBV Kfbo",
      "type": "Bilan d’intégration",
      "date": "2023-03-08"
    },
    {
      "id": "CBSCFBV Kfbo",
      "type": "PP - Présentation et Consentement",
      "date": "2023-03-08"
    },
    {
      "id": "CBVEPVJO Nbsjf",
      "type": "PP - Présentation et Consentement",
      "date": "2024-07-12"
    },
    {
      "id": "CBVEPVJO Nbsjf",
      "type": "Bilan d’intégration",
      "date": "2024-07-12"
    },
    {
      "id": "CBVRVJO Nbsjf",
      "type": "PP - Présentation et Consentement",
      "date": "2023-02-07"
    },
    {
      "id": "CFUUFSJDI Kptjbof",
      "type": "PP - Présentation et Consentement",
      "date": "2023-06-06"
    },
    {
      "id": "CFUUFSJDI Kptjbof",
      "type": "Bilan d’intégration",
      "date": "2023-06-01"
    },
    {
      "id": "CFUUFSJDI Kptjbof",
      "type": "PP - Présentation et Consentement",
      "date": "2023-06-01"
    },
    {
      "id": "CFUUFSJDI Kptjbof",
      "type": "PP - Présentation et Consentement",
      "date": "2022-02-01"
    },
    {
      "id": "CFUUFSJDI Kptjbof",
      "type": "Bilan d’intégration",
      "date": "2022-02-01"
    },
    {
      "id": "CMBODIBSE Ojdpmf",
      "type": "PP - Présentation et Consentement",
      "date": "2025-05-15"
    },
    {
      "id": "CMBODIFU Bmjfuuf",
      "type": "PP - Présentation et Consentement",
      "date": "2024-08-01"
    },
    {
      "id": "CMBODIFU Bmjfuuf",
      "type": "Bilan d’intégration",
      "date": "2022-02-01"
    },
    {
      "id": "CMBSE Nbsjf Nbefmfjof",
      "type": "PP - Présentation et Consentement",
      "date": "2024-08-01"
    },
    {
      "id": "CMBSE Nbsjf Nbefmfjof",
      "type": "Bilan d’intégration",
      "date": "2024-08-01"
    },
    {
      "id": "CMJOFBV Kfbo-Qbvm",
      "type": "Bilan d’intégration",
      "date": "2025-06-24"
    },
    {
      "id": "CMJOFBV Kfbo-Qbvm",
      "type": "PP - Présentation et Consentement",
      "date": "2025-06-19"
    },
    {
      "id": "CMJOFBV Nbsjf-Mvdf",
      "type": "Bilan d’intégration",
      "date": "2025-06-24"
    },
    {
      "id": "CMJOFBV Nbsjf-Mvdf",
      "type": "PP - Présentation et Consentement",
      "date": "2025-06-19"
    },
    {
      "id": "CPJSPO Sfoff",
      "type": "PP - Présentation et Consentement",
      "date": "2025-03-20"
    },
    {
      "id": "CPJSPO Sfoff",
      "type": "Bilan d’intégration",
      "date": "2025-03-20"
    },
    {
      "id": "CPOOFU Sfof",
      "type": "Bilan d’intégration",
      "date": "2024-07-19"
    },
    {
      "id": "CPOOFU Sfof",
      "type": "PP - Présentation et Consentement",
      "date": "2024-07-19"
    },
    {
      "id": "CPOTFSHFOU Kbdrvfmjof",
      "type": "Entretien téléphonique ",
      "date": "2023-01-20"
    },
    {
      "id": "CPVMMF Dibsmft",
      "type": "PP - Présentation et Consentement",
      "date": "2025-06-13"
    },
    {
      "id": "CPVMMF Kbdrvfmjof",
      "type": "Bilan d’intégration",
      "date": "2024-05-06"
    },
    {
      "id": "CPVMMF Kbdrvfmjof",
      "type": "PP - Présentation et Consentement",
      "date": "2024-05-06"
    },
    {
      "id": "CPAFD Kfboof",
      "type": "Bilan d’intégration",
      "date": "2025-03-05"
    },
    {
      "id": "CPAFD Kfboof",
      "type": "PP - Présentation et Consentement",
      "date": "2025-02-26"
    },
    {
      "id": "CSFOZ Boesf",
      "type": "PP - Présentation et Consentement",
      "date": "2025-01-23"
    },
    {
      "id": "DBTFS Gmpsjoeb",
      "type": "PP - Présentation et Consentement",
      "date": "2024-04-11"
    },
    {
      "id": "DBTFS Gmpsjoeb",
      "type": "Bilan d’intégration",
      "date": "2024-04-11"
    },
    {
      "id": "DMBVTTF Npojrvf",
      "type": "PP - Présentation et Consentement",
      "date": "2025-04-24"
    },
    {
      "id": "DMBVTTF Npojrvf",
      "type": "PP - Présentation et Consentement",
      "date": "2024-09-12"
    },
    {
      "id": "DMBVTTF Npojrvf",
      "type": "PP - Présentation et Consentement",
      "date": "2023-03-01"
    },
    {
      "id": "DMBVTTF Npojrvf",
      "type": "Bilan d’intégration",
      "date": "2023-03-01"
    },
    {
      "id": "DMPBSFD Njdifmjof",
      "type": "Bilan d’intégration",
      "date": "2023-12-19"
    },
    {
      "id": "DMPBSFD Njdifmjof",
      "type": "PP - Présentation et Consentement",
      "date": "2023-12-19"
    },
    {
      "id": "DPJGGFU Kfboojof",
      "type": "PP - Présentation et Consentement",
      "date": "2025-02-20"
    },
    {
      "id": "DPJGGFU Kfboojof",
      "type": "PP - Présentation et Consentement",
      "date": "2024-07-15"
    },
    {
      "id": "DPJGGFU Kfboojof",
      "type": "Bilan d’intégration",
      "date": "2021-09-01"
    },
    {
      "id": "DPJGGFU Kfboojof",
      "type": "PP - Présentation et Consentement",
      "date": "2021-09-01"
    },
    {
      "id": "DPOOPMMZ Kpio",
      "type": "PP - Présentation et Consentement",
      "date": "2024-06-10"
    },
    {
      "id": "DPOOPMMZ Kpio",
      "type": "Bilan d’intégration",
      "date": "2023-02-01"
    },
    {
      "id": "DPOOPMMZ Kpio",
      "type": "PP - Présentation et Consentement",
      "date": "2023-02-01"
    },
    {
      "id": "DPSOV Kfbo",
      "type": "Entretien individuel",
      "date": "2025-05-09"
    },
    {
      "id": "DPSOV Kfbo",
      "type": "PP - Présentation et Consentement",
      "date": "2024-09-02"
    },
    {
      "id": "DPSOV Kfbo",
      "type": "Bilan d’intégration",
      "date": "2024-09-02"
    },
    {
      "id": "DSVTTPO Kpfm",
      "type": "PP - Présentation et Consentement",
      "date": "2024-02-01"
    },
    {
      "id": "DVTVNBOP Svepmqi",
      "type": "PP - Présentation et Consentement",
      "date": "2024-10-24"
    },
    {
      "id": "DVTVNBOP Svepmqi",
      "type": "Bilan d’intégration",
      "date": "2023-10-25"
    },
    {
      "id": "EBOFU Hfpshfuuf",
      "type": "Bilan d’intégration",
      "date": "2025-03-24"
    },
    {
      "id": "EBOFU Hfpshfuuf",
      "type": "PP - Présentation et Consentement",
      "date": "2025-03-13"
    },
    {
      "id": "EBWJE Sbznpoef",
      "type": "PP - Présentation et Consentement",
      "date": "2025-03-06"
    },
    {
      "id": "EBWJE-CFMMPVBSE Nbsjf-Cfbusjdf",
      "type": "PP - Présentation et Consentement",
      "date": "2024-12-09"
    },
    {
      "id": "EBWJE-CFMMPVBSE Nbsjf-Cfbusjdf",
      "type": "Bilan d’intégration",
      "date": "2024-12-09"
    },
    {
      "id": "EBWJE-CFMMPVBSE Nbsjf-Cfbusjdf",
      "type": "PP - Présentation et Consentement",
      "date": "2024-12-05"
    },
    {
      "id": "EPVBSDIF Njdifmmf",
      "type": "PP - Présentation et Consentement",
      "date": "2024-09-26"
    },
    {
      "id": "EPVBSDIF Njdifmmf",
      "type": "PP - Présentation et Consentement",
      "date": "2023-02-28"
    },
    {
      "id": "EPVNFSD Cfsusboef",
      "type": "Entretien téléphonique ",
      "date": "2023-01-20"
    },
    {
      "id": "EVCSFVJM Kbdrvft",
      "type": "PP - Présentation et Consentement",
      "date": "2025-02-06"
    },
    {
      "id": "EVMBD Ojdpmf",
      "type": "PP - Présentation et Consentement",
      "date": "2024-09-12"
    },
    {
      "id": "EVMBD Ojdpmf",
      "type": "PP - Présentation et Consentement",
      "date": "2024-07-12"
    },
    {
      "id": "EVMBD Ojdpmf",
      "type": "PP - Présentation et Consentement",
      "date": "2022-03-01"
    },
    {
      "id": "EVMBD Ojdpmf",
      "type": "Bilan d’intégration",
      "date": "2022-03-01"
    },
    {
      "id": "GJTDIFS Ifmfof",
      "type": "PP - Présentation et Consentement",
      "date": "2023-02-08"
    },
    {
      "id": "GPOUFOBZ Dmbvefuuf",
      "type": "PP - Présentation et Consentement",
      "date": "2025-02-20"
    },
    {
      "id": "GPOUFOBZ Dmbvefuuf",
      "type": "Bilan d’intégration",
      "date": "2025-02-20"
    },
    {
      "id": "GPOUFOBZ Dmbvefuuf",
      "type": "PP - Présentation et Consentement",
      "date": "2024-07-15"
    },
    {
      "id": "HBEJPVY Kbdrvft",
      "type": "PP - Présentation et Consentement",
      "date": "2022-01-01"
    },
    {
      "id": "HBMMF Kfbo",
      "type": "PP - Présentation et Consentement",
      "date": "2024-07-11"
    },
    {
      "id": "HBMMF Kfbo",
      "type": "PP - Présentation et Consentement",
      "date": "2022-12-01"
    },
    {
      "id": "HBMMF Kfbo",
      "type": "Bilan d’intégration",
      "date": "2022-12-01"
    },
    {
      "id": "HPEBS Njdifmf",
      "type": "PP - Présentation et Consentement",
      "date": "2025-03-20"
    },
    {
      "id": "HPEBS Njdifmf",
      "type": "PP - Présentation et Consentement",
      "date": "2022-12-01"
    },
    {
      "id": "HPEBS Njdifmf",
      "type": "Bilan d’intégration",
      "date": "2022-12-01"
    },
    {
      "id": "HPJAFU Nbshvfsjuf",
      "type": "PP - Présentation et Consentement",
      "date": "2024-09-26"
    },
    {
      "id": "HPJAFU Nbshvfsjuf",
      "type": "PP - Présentation et Consentement",
      "date": "2023-03-08"
    },
    {
      "id": "HPJAFU Nbshvfsjuf",
      "type": "Entretien individuel",
      "date": "2021-11-10"
    },
    {
      "id": "HSBGGPVJMMFSF Zwpoof",
      "type": "PP - Présentation et Consentement",
      "date": "2024-07-25"
    },
    {
      "id": "HSBGGPVJMMFSF Zwpoof",
      "type": "Bilan d’intégration",
      "date": "2023-08-01"
    },
    {
      "id": "HVFIFOOFVD Nbsjf",
      "type": "Bilan d’intégration",
      "date": "2025-07-16"
    },
    {
      "id": "HVFIFOOFVD Nbsjf",
      "type": "PP - Présentation et Consentement",
      "date": "2025-07-15"
    },
    {
      "id": "HVFSJO Dmbvef",
      "type": "PP - Présentation et Consentement",
      "date": "2024-02-22"
    },
    {
      "id": "HVFSJO Dmbvef",
      "type": "PP - Présentation et Consentement",
      "date": "2022-11-01"
    },
    {
      "id": "HVJMMFU Kfboof",
      "type": "Entretien résident/aidant principal",
      "date": "2024-10-30"
    },
    {
      "id": "HVJMMFU Kfboof",
      "type": "Entretien résident/aidant principal",
      "date": "2024-10-15"
    },
    {
      "id": "HVJMMFU Kfboof",
      "type": "PP - Présentation et Consentement",
      "date": "2022-12-01"
    },
    {
      "id": "HVJMMFU Kfboof",
      "type": "Bilan d’intégration",
      "date": "2022-12-01"
    },
    {
      "id": "HVJMMPUJO Kptjbof",
      "type": "PP - Présentation et Consentement",
      "date": "2024-08-05"
    },
    {
      "id": "HVJMMPUJO Kptjbof",
      "type": "PP - Présentation et Consentement",
      "date": "2022-11-01"
    },
    {
      "id": "HVJMMPUJO Kptjbof",
      "type": "Bilan d’intégration",
      "date": "2022-11-01"
    },
    {
      "id": "IBMHBOE Npojrvf",
      "type": "PP - Présentation et Consentement",
      "date": "2024-07-11"
    },
    {
      "id": "IBMHBOE Npojrvf",
      "type": "PP - Présentation et Consentement",
      "date": "2022-10-01"
    },
    {
      "id": "IBMMFSZ Ebojfmf",
      "type": "Bilan d’intégration",
      "date": "2024-02-21"
    },
    {
      "id": "IBMMFSZ Ebojfmf",
      "type": "PP - Présentation et Consentement",
      "date": "2024-02-01"
    },
    {
      "id": "IBSEZ Uifsftf",
      "type": "PP - Présentation et Consentement",
      "date": "2022-10-01"
    },
    {
      "id": "IBSEZ Uifsftf",
      "type": "Bilan d’intégration",
      "date": "2022-10-01"
    },
    {
      "id": "IFSBSE Nbsjf",
      "type": "PP - Présentation et Consentement",
      "date": "2024-12-19"
    },
    {
      "id": "IFSBSE Nbsjf",
      "type": "Bilan d’intégration",
      "date": "2024-12-19"
    },
    {
      "id": "IFSSNBOO Kfbo-Dmbvef",
      "type": "PP - Présentation et Consentement",
      "date": "2024-09-05"
    },
    {
      "id": "IFSSNBOO Kfbo-Dmbvef",
      "type": "PP - Présentation et Consentement",
      "date": "2022-10-01"
    },
    {
      "id": "IFSSNBOO Kfbo-Dmbvef",
      "type": "Bilan d’intégration",
      "date": "2022-10-01"
    },
    {
      "id": "IFSWF Nbsjf-Bohf",
      "type": "PP - Présentation et Consentement",
      "date": "2022-11-01"
    },
    {
      "id": "IFSWF Nbsjf-Bohf",
      "type": "Bilan d’intégration",
      "date": "2022-11-01"
    },
    {
      "id": "IFSWPDIF Boesf",
      "type": "PP - Présentation et Consentement",
      "date": "2025-01-23"
    },
    {
      "id": "IFSWPDIF Boesf",
      "type": "PP - Présentation et Consentement",
      "date": "2024-03-14"
    },
    {
      "id": "IJWFSU Nbsd",
      "type": "PP - Présentation et Consentement",
      "date": "2025-02-20"
    },
    {
      "id": "IJWFSU Nbsd",
      "type": "Bilan d’intégration",
      "date": "2025-02-20"
    },
    {
      "id": "IJWFSU Nbsd",
      "type": "PP - Présentation et Consentement",
      "date": "2024-08-08"
    },
    {
      "id": "IPMJO Njdifm",
      "type": "Bilan d’intégration",
      "date": "2025-05-19"
    },
    {
      "id": "IPMJO Njdifm",
      "type": "PP - Présentation et Consentement",
      "date": "2025-05-19"
    },
    {
      "id": "IVHVFOJO Hfsbse",
      "type": "PP - Présentation et Consentement",
      "date": "2024-10-24"
    },
    {
      "id": "IVHVFOJO Hfsbse",
      "type": "PP - Présentation et Consentement",
      "date": "2023-10-01"
    },
    {
      "id": "IVHVFOJO Hfsbse",
      "type": "Bilan d’intégration",
      "date": "2023-10-01"
    },
    {
      "id": "KPTTP Boob",
      "type": "PP - Présentation et Consentement",
      "date": "2024-11-07"
    },
    {
      "id": "KPTTP Boob",
      "type": "Bilan d’intégration",
      "date": "2024-02-15"
    },
    {
      "id": "KPTTP Boob",
      "type": "PP - Présentation et Consentement",
      "date": "2024-02-01"
    },
    {
      "id": "KPASPMBOE Bnfmjf",
      "type": "PP - Présentation et Consentement",
      "date": "2024-08-08"
    },
    {
      "id": "KVMMJFO Spcfsu",
      "type": "Bilan d’intégration",
      "date": "2025-01-16"
    },
    {
      "id": "KVMMJFO Spcfsu",
      "type": "PP - Présentation et Consentement",
      "date": "2025-01-15"
    },
    {
      "id": "MBHBZF Cmbodif",
      "type": "Bilan d’intégration",
      "date": "2024-09-26"
    },
    {
      "id": "MBHBZF Cmbodif",
      "type": "PP - Présentation et Consentement",
      "date": "2024-09-19"
    },
    {
      "id": "MBNZ Boesff",
      "type": "PP - Présentation et Consentement",
      "date": "2024-04-26"
    },
    {
      "id": "MBOESJBV Zwft",
      "type": "Bilan d’intégration",
      "date": "2025-03-14"
    },
    {
      "id": "MBOESJBV Zwft",
      "type": "PP - Présentation et Consentement",
      "date": "2024-03-14"
    },
    {
      "id": "MBVOBJT Kbdrvfmjof",
      "type": "Bilan d’intégration",
      "date": "2024-12-12"
    },
    {
      "id": "MBVOBJT Kbdrvfmjof",
      "type": "PP - Présentation et Consentement",
      "date": "2024-12-12"
    },
    {
      "id": "MFCMPJT Tpmbohf",
      "type": "PP - Présentation et Consentement",
      "date": "2025-04-24"
    },
    {
      "id": "MFCMPJT Tpmbohf",
      "type": "Bilan d’intégration",
      "date": "2025-04-24"
    },
    {
      "id": "MFCMPJT Tpmbohf",
      "type": "PP - Présentation et Consentement",
      "date": "2023-10-26"
    },
    {
      "id": "MFDBSQFOUJFS Efojtf",
      "type": "PP - Présentation et Consentement",
      "date": "2024-07-18"
    },
    {
      "id": "MFDBSQFOUJFS Efojtf",
      "type": "PP - Présentation et Consentement",
      "date": "2022-10-01"
    },
    {
      "id": "LE EJHBCFM Ojdpmf",
      "type": "PP - Présentation et Consentement",
      "date": "2025-07-24"
    },
    {
      "id": "MFGFWSF Hjmcfsuf",
      "type": "PP - Présentation et Consentement",
      "date": "2025-06-26"
    },
    {
      "id": "MFGFWSF Hjmcfsuf",
      "type": "PP - Présentation et Consentement",
      "date": "2022-11-01"
    },
    {
      "id": "MFGFWSF Hjmcfsuf",
      "type": "Bilan d’intégration",
      "date": "2022-11-01"
    },
    {
      "id": "MFHPVJD Dpmfuuf",
      "type": "PP - Présentation et Consentement",
      "date": "2025-01-23"
    },
    {
      "id": "MFHPVJD Dpmfuuf",
      "type": "PP - Présentation et Consentement",
      "date": "2024-03-28"
    },
    {
      "id": "MFHPVJD Dpmfuuf",
      "type": "PP - Présentation et Consentement",
      "date": "2022-11-01"
    },
    {
      "id": "MFHPVJD Dpmfuuf",
      "type": "Bilan d’intégration",
      "date": "2022-11-01"
    },
    {
      "id": "LE HSBOE Nbsjf",
      "type": "PP - Présentation et Consentement",
      "date": "2022-11-01"
    },
    {
      "id": "LE MFBOOFD Zwpoof",
      "type": "PP - Présentation et Consentement",
      "date": "2024-06-20"
    },
    {
      "id": "LE MFBOOFD Zwpoof",
      "type": "Bilan d’intégration",
      "date": "2024-06-20"
    },
    {
      "id": "LE OFTUPVS Hfsbse",
      "type": "Bilan d’intégration",
      "date": "2024-11-09"
    },
    {
      "id": "LE OFTUPVS Hfsbse",
      "type": "PP - Présentation et Consentement",
      "date": "2024-11-07"
    },
    {
      "id": "MPJSBU Efojtf",
      "type": "PP - Présentation et Consentement",
      "date": "2024-08-08"
    },
    {
      "id": "MPJSBU Efojtf",
      "type": "Bilan d’intégration",
      "date": "2023-02-28"
    },
    {
      "id": "MPJSBU Efojtf",
      "type": "PP - Présentation et Consentement",
      "date": "2023-02-23"
    },
    {
      "id": "NBHVBJO Efojtf",
      "type": "PP - Présentation et Consentement",
      "date": "2025-06-26"
    },
    {
      "id": "NBHVBJO Efojtf",
      "type": "PP - Présentation et Consentement",
      "date": "2022-12-01"
    },
    {
      "id": "NBHVBJO Efojtf",
      "type": "Bilan d’intégration",
      "date": "2022-12-01"
    },
    {
      "id": "NBIF Boof-Nbsjf",
      "type": "PP - Présentation et Consentement",
      "date": "2024-07-25"
    },
    {
      "id": "NBIF Boof-Nbsjf",
      "type": "Bilan d’intégration",
      "date": "2022-10-01"
    },
    {
      "id": "NBIF Nbvsjdf",
      "type": "PP - Présentation et Consentement",
      "date": "2024-04-01"
    },
    {
      "id": "NBMQFM Efojtf",
      "type": "PP - Présentation et Consentement",
      "date": "2025-08-07"
    },
    {
      "id": "NBTTFOPU Njdifmf",
      "type": "PP - Présentation et Consentement",
      "date": "2024-08-05"
    },
    {
      "id": "NBTTFOPU Njdifmf",
      "type": "PP - Présentation et Consentement",
      "date": "2022-12-01"
    },
    {
      "id": "NBTTFOPU Njdifmf",
      "type": "Bilan d’intégration",
      "date": "2022-12-01"
    },
    {
      "id": "NFUBZFS Zwfuuf",
      "type": "Bilan d’intégration",
      "date": "2025-06-18"
    },
    {
      "id": "NFUBZFS Zwfuuf",
      "type": "PP - Présentation et Consentement",
      "date": "2025-06-17"
    },
    {
      "id": "NFUSP Bohfmf",
      "type": "PP - Présentation et Consentement",
      "date": "2024-09-05"
    },
    {
      "id": "NFVOJFS Gsbodpjtf",
      "type": "PP - Présentation et Consentement",
      "date": "2025-02-06"
    },
    {
      "id": "NPSFBV Nbsjf",
      "type": "Bilan d’intégration",
      "date": "2024-11-08"
    },
    {
      "id": "NPSFBV Nbsjf",
      "type": "PP - Présentation et Consentement",
      "date": "2024-11-07"
    },
    {
      "id": "NPSJDFU Boojdl",
      "type": "PP - Présentation et Consentement",
      "date": "2024-06-03"
    },
    {
      "id": "NPSJDFU Boojdl",
      "type": "PP - Présentation et Consentement",
      "date": "2022-12-01"
    },
    {
      "id": "NPSJDFU Boojdl",
      "type": "Bilan d’intégration",
      "date": "2022-12-01"
    },
    {
      "id": "NPSJO Nbsjf-Dmbvef",
      "type": "PP - Présentation et Consentement",
      "date": "2025-01-30"
    },
    {
      "id": "NPSPZ Boesff",
      "type": "PP - Présentation et Consentement",
      "date": "2024-07-25"
    },
    {
      "id": "NPSPZ Boesff",
      "type": "PP - Présentation et Consentement",
      "date": "2022-03-01"
    },
    {
      "id": "NVDDIJFMMJ Nbsjf",
      "type": "PP - Présentation et Consentement",
      "date": "2024-11-21"
    },
    {
      "id": "NVDDIJFMMJ Nbsjf",
      "type": "Bilan d’intégration",
      "date": "2024-11-21"
    },
    {
      "id": "OPFM Tjnpoof",
      "type": "PP - Présentation et Consentement",
      "date": "2025-02-20"
    },
    {
      "id": "OPFM Tjnpoof",
      "type": "Bilan d’intégration",
      "date": "2024-07-11"
    },
    {
      "id": "OPFM Tjnpoof",
      "type": "PP - Présentation et Consentement",
      "date": "2024-07-11"
    },
    {
      "id": "QBVHBN Kfboojof",
      "type": "PP - Présentation et Consentement",
      "date": "2024-12-12"
    },
    {
      "id": "QBVHBN Kfboojof",
      "type": "Bilan d’intégration",
      "date": "2024-12-12"
    },
    {
      "id": "QBVHBN Kfboojof",
      "type": "Bilan d’intégration",
      "date": "2024-12-12"
    },
    {
      "id": "QJDIFMJO Bsmfuuf",
      "type": "PP - Présentation et Consentement",
      "date": "2024-10-17"
    },
    {
      "id": "QJDIFMJO Bsmfuuf",
      "type": "Bilan d’intégration",
      "date": "2023-03-28"
    },
    {
      "id": "QJFSSPO Cfsobefuuf",
      "type": "PP - Présentation et Consentement",
      "date": "2024-06-03"
    },
    {
      "id": "QJFSSPO Cfsobefuuf",
      "type": "PP - Présentation et Consentement",
      "date": "2022-12-01"
    },
    {
      "id": "QJFSSPO Cfsobefuuf",
      "type": "Bilan d’intégration",
      "date": "2022-12-01"
    },
    {
      "id": "QPVMOBJT Ojdpmf",
      "type": "Bilan d’intégration",
      "date": "2024-03-11"
    },
    {
      "id": "QPVMOBJT Ojdpmf",
      "type": "PP - Présentation et Consentement",
      "date": "2024-03-01"
    },
    {
      "id": "RVFOOFWJMMF Nbsdfmmf",
      "type": "PP - Présentation et Consentement",
      "date": "2023-08-02"
    },
    {
      "id": "RVFOOFWJMMF Nbsdfmmf",
      "type": "PP - Présentation et Consentement",
      "date": "2017-06-01"
    },
    {
      "id": "RVFOOFWJMMF Nbsdfmmf",
      "type": "Bilan d’intégration",
      "date": "2017-06-01"
    },
    {
      "id": "SFEVSFBV Qbvm",
      "type": "PP - Présentation et Consentement",
      "date": "2023-01-23"
    },
    {
      "id": "SFOEFST Kfboojof",
      "type": "PP - Présentation et Consentement",
      "date": "2024-08-01"
    },
    {
      "id": "SFOEFST Kfboojof",
      "type": "Bilan d’intégration",
      "date": "2022-06-28"
    },
    {
      "id": "SFOEFST Kfboojof",
      "type": "PP - Présentation et Consentement",
      "date": "2022-06-28"
    },
    {
      "id": "SJNNFM Hjtfmf",
      "type": "PP - Présentation et Consentement",
      "date": "2022-10-01"
    },
    {
      "id": "SJNNFM Hjtfmf",
      "type": "Bilan d’intégration",
      "date": "2022-10-01"
    },
    {
      "id": "SPCFSU Guy",
      "type": "Bilan d’intégration",
      "date": "2025-07-25"
    },
    {
      "id": "SPCFSU Guy",
      "type": "PP - Présentation et Consentement",
      "date": "2025-06-12"
    },
    {
      "id": "SPCJRVFU Zwfuuf",
      "type": "PP - Présentation et Consentement",
      "date": "2024-09-12"
    },
    {
      "id": "SPCJRVFU Zwfuuf",
      "type": "PP - Présentation et Consentement",
      "date": "2023-03-06"
    },
    {
      "id": "SPCJRVFU Zwfuuf",
      "type": "Bilan d’intégration",
      "date": "2023-03-06"
    },
    {
      "id": "SPHFS Mvdjfoof",
      "type": "PP - Présentation et Consentement",
      "date": "2023-03-08"
    },
    {
      "id": "SPTQBSU Hfofwjfwf",
      "type": "PP - Présentation et Consentement",
      "date": "2024-07-29"
    },
    {
      "id": "SPTQBSU Hfofwjfwf",
      "type": "PP - Présentation et Consentement",
      "date": "2023-10-17"
    },
    {
      "id": "SPVTTFMPU Njdifm",
      "type": "PP - Présentation et Consentement",
      "date": "2025-02-20"
    },
    {
      "id": "SPVTTFMPU Njdifm",
      "type": "PP - Présentation et Consentement",
      "date": "2024-07-29"
    },
    {
      "id": "SPVTTFMPU Njdifm",
      "type": "PP - Présentation et Consentement",
      "date": "2022-10-01"
    },
    {
      "id": "SPVTTFMPU Njdifm",
      "type": "Bilan d’intégration",
      "date": "2020-11-25"
    },
    {
      "id": "SPVTTFMPU Njdifm",
      "type": "PP - Présentation et Consentement",
      "date": "2020-11-25"
    },
    {
      "id": "TBVSFM Kfboojof",
      "type": "PP - Présentation et Consentement",
      "date": "2024-08-05"
    },
    {
      "id": "TBVSFM Kfboojof",
      "type": "Bilan d’intégration",
      "date": "2024-08-05"
    },
    {
      "id": "TFSPU Kfboojof",
      "type": "Bilan d’intégration",
      "date": "2025-05-13"
    },
    {
      "id": "TFSPU Kfboojof",
      "type": "PP - Présentation et Consentement",
      "date": "2025-03-13"
    },
    {
      "id": "UBOSFU Nbsujof",
      "type": "Bilan d’intégration",
      "date": "2025-04-28"
    },
    {
      "id": "UBOSFU Nbsujof",
      "type": "PP - Présentation et Consentement",
      "date": "2025-04-24"
    },
    {
      "id": "UFTTJFS Efojtf",
      "type": "PP - Présentation et Consentement",
      "date": "2024-07-29"
    },
    {
      "id": "UFTTJFS Efojtf",
      "type": "PP - Présentation et Consentement",
      "date": "2023-02-09"
    },
    {
      "id": "UFTTJFS Efojtf",
      "type": "Bilan d’intégration",
      "date": "2021-10-19"
    },
    {
      "id": "UFYJFS Boesff",
      "type": "Bilan d’intégration",
      "date": "2025-04-24"
    },
    {
      "id": "UFYJFS Boesff",
      "type": "PP - Présentation et Consentement",
      "date": "2025-04-24"
    },
    {
      "id": "USVDIPO-CBSUFT Kfbo",
      "type": "PP - Présentation et Consentement",
      "date": "2025-01-30"
    },
    {
      "id": "UVGGFU Qjfssf",
      "type": "PP - Présentation et Consentement",
      "date": "2024-10-03"
    },
    {
      "id": "UVGGFU Qjfssf",
      "type": "PP - Présentation et Consentement",
      "date": "2024-10-03"
    },
    {
      "id": "UVGGFU Qjfssf",
      "type": "PP - Présentation et Consentement",
      "date": "2024-03-13"
    },
    {
      "id": "UVGGFU Qjfssf",
      "type": "Bilan d’intégration",
      "date": "2022-12-06"
    },
    {
      "id": "WBMFSZ Sfoff",
      "type": "PP - Présentation et Consentement",
      "date": "2024-05-01"
    },
    {
      "id": "WBOEFSOPUUF Boojl",
      "type": "PP - Présentation et Consentement",
      "date": "2024-04-18"
    },
    {
      "id": "WBOEFSOPUUF Boojl",
      "type": "Bilan d’intégration",
      "date": "2024-04-18"
    },
    {
      "id": "WJHOBVE Cfsobse",
      "type": "PP - Présentation et Consentement",
      "date": "2024-08-01"
    },
    {
      "id": "WJHOBVE Cfsobse",
      "type": "PP - Présentation et Consentement",
      "date": "2022-05-01"
    },
    {
      "id": "WPMFPO Uifsftf",
      "type": "PP - Présentation et Consentement",
      "date": "2025-01-09"
    },
    {
      "id": "XJBNF Kfbo-Dmbvef",
      "type": "PP - Présentation et Consentement",
      "date": "2024-10-10"
    },
    {
      "id": "XJBNF Kfbo-Dmbvef",
      "type": "Bilan d’intégration",
      "date": "2024-10-10"
    },
    {
      "id": "XJBNF Nbsjf-Uifsftf",
      "type": "PP - Présentation et Consentement",
      "date": "2024-10-10"
    },
    {
      "id": "XJBNF Nbsjf-Uifsftf",
      "type": "Bilan d’intégration",
      "date": "2024-10-10"
    },
    {
      "id": "XJCBVY Fmjtbcfui",
      "type": "Bilan d’intégration",
      "date": "2024-11-14"
    },
    {
      "id": "XJCBVY Fmjtbcfui",
      "type": "PP - Présentation et Consentement",
      "date": "2024-11-14"
    },
    {
      "id": "XJCBVY Hfsbse",
      "type": "Bilan d’intégration",
      "date": "2024-11-14"
    },
    {
      "id": "XJCBVY Hfsbse",
      "type": "PP - Présentation et Consentement",
      "date": "2024-11-14"
    }
  ]
}"
`;
